Archive member included to satisfy reference by file (symbol)

e:/programas/atmel/7.0/toolchain/arm/arm-gnu-toolchain/bin/../lib/gcc/arm-none-eabi/6.3.1/thumb/v6-m\libgcc.a(_udivsi3.o)
                              src/ASF/thirdparty/fatfs/fatfs-r0.09/src/ff.o (__aeabi_uidiv)
e:/programas/atmel/7.0/toolchain/arm/arm-gnu-toolchain/bin/../lib/gcc/arm-none-eabi/6.3.1/thumb/v6-m\libgcc.a(_divsi3.o)
                              src/ASF/thirdparty/fatfs/fatfs-r0.09/src/ff.o (__aeabi_idiv)
e:/programas/atmel/7.0/toolchain/arm/arm-gnu-toolchain/bin/../lib/gcc/arm-none-eabi/6.3.1/thumb/v6-m\libgcc.a(_dvmd_tls.o)
                              e:/programas/atmel/7.0/toolchain/arm/arm-gnu-toolchain/bin/../lib/gcc/arm-none-eabi/6.3.1/thumb/v6-m\libgcc.a(_udivsi3.o) (__aeabi_idiv0)
e:/programas/atmel/7.0/toolchain/arm/arm-gnu-toolchain/bin/../lib/gcc/arm-none-eabi/6.3.1/thumb/v6-m\libgcc.a(_muldi3.o)
                              src/ASF/sam0/drivers/sercom/sercom.o (__aeabi_lmul)
e:/programas/atmel/7.0/toolchain/arm/arm-gnu-toolchain/bin/../lib/gcc/arm-none-eabi/6.3.1/../../../../arm-none-eabi/lib/thumb/v6-m\libc_nano.a(lib_a-exit.o)
                              e:/programas/atmel/7.0/toolchain/arm/arm-gnu-toolchain/bin/../lib/gcc/arm-none-eabi/6.3.1/../../../../arm-none-eabi/lib/thumb/v6-m/crt0.o (exit)
e:/programas/atmel/7.0/toolchain/arm/arm-gnu-toolchain/bin/../lib/gcc/arm-none-eabi/6.3.1/../../../../arm-none-eabi/lib/thumb/v6-m\libc_nano.a(lib_a-fgets.o)
                              src/demotasks.o (fgets)
e:/programas/atmel/7.0/toolchain/arm/arm-gnu-toolchain/bin/../lib/gcc/arm-none-eabi/6.3.1/../../../../arm-none-eabi/lib/thumb/v6-m\libc_nano.a(lib_a-findfp.o)
                              e:/programas/atmel/7.0/toolchain/arm/arm-gnu-toolchain/bin/../lib/gcc/arm-none-eabi/6.3.1/../../../../arm-none-eabi/lib/thumb/v6-m\libc_nano.a(lib_a-fgets.o) (__sinit)
e:/programas/atmel/7.0/toolchain/arm/arm-gnu-toolchain/bin/../lib/gcc/arm-none-eabi/6.3.1/../../../../arm-none-eabi/lib/thumb/v6-m\libc_nano.a(lib_a-fwalk.o)
                              e:/programas/atmel/7.0/toolchain/arm/arm-gnu-toolchain/bin/../lib/gcc/arm-none-eabi/6.3.1/../../../../arm-none-eabi/lib/thumb/v6-m\libc_nano.a(lib_a-findfp.o) (_fwalk)
e:/programas/atmel/7.0/toolchain/arm/arm-gnu-toolchain/bin/../lib/gcc/arm-none-eabi/6.3.1/../../../../arm-none-eabi/lib/thumb/v6-m\libc_nano.a(lib_a-impure.o)
                              e:/programas/atmel/7.0/toolchain/arm/arm-gnu-toolchain/bin/../lib/gcc/arm-none-eabi/6.3.1/../../../../arm-none-eabi/lib/thumb/v6-m\libc_nano.a(lib_a-exit.o) (_global_impure_ptr)
e:/programas/atmel/7.0/toolchain/arm/arm-gnu-toolchain/bin/../lib/gcc/arm-none-eabi/6.3.1/../../../../arm-none-eabi/lib/thumb/v6-m\libc_nano.a(lib_a-init.o)
                              e:/programas/atmel/7.0/toolchain/arm/arm-gnu-toolchain/bin/../lib/gcc/arm-none-eabi/6.3.1/../../../../arm-none-eabi/lib/thumb/v6-m/crt0.o (__libc_init_array)
e:/programas/atmel/7.0/toolchain/arm/arm-gnu-toolchain/bin/../lib/gcc/arm-none-eabi/6.3.1/../../../../arm-none-eabi/lib/thumb/v6-m\libc_nano.a(lib_a-memchr-stub.o)
                              e:/programas/atmel/7.0/toolchain/arm/arm-gnu-toolchain/bin/../lib/gcc/arm-none-eabi/6.3.1/../../../../arm-none-eabi/lib/thumb/v6-m\libc_nano.a(lib_a-fgets.o) (memchr)
e:/programas/atmel/7.0/toolchain/arm/arm-gnu-toolchain/bin/../lib/gcc/arm-none-eabi/6.3.1/../../../../arm-none-eabi/lib/thumb/v6-m\libc_nano.a(lib_a-memcpy-stub.o)
                              src/ASF/thirdparty/freertos/freertos-10.0.0/Source/queue.o (memcpy)
e:/programas/atmel/7.0/toolchain/arm/arm-gnu-toolchain/bin/../lib/gcc/arm-none-eabi/6.3.1/../../../../arm-none-eabi/lib/thumb/v6-m\libc_nano.a(lib_a-memset.o)
                              e:/programas/atmel/7.0/toolchain/arm/arm-gnu-toolchain/bin/../lib/gcc/arm-none-eabi/6.3.1/../../../../arm-none-eabi/lib/thumb/v6-m/crt0.o (memset)
e:/programas/atmel/7.0/toolchain/arm/arm-gnu-toolchain/bin/../lib/gcc/arm-none-eabi/6.3.1/../../../../arm-none-eabi/lib/thumb/v6-m\libc_nano.a(lib_a-nano-mallocr.o)
                              e:/programas/atmel/7.0/toolchain/arm/arm-gnu-toolchain/bin/../lib/gcc/arm-none-eabi/6.3.1/../../../../arm-none-eabi/lib/thumb/v6-m\libc_nano.a(lib_a-findfp.o) (_malloc_r)
e:/programas/atmel/7.0/toolchain/arm/arm-gnu-toolchain/bin/../lib/gcc/arm-none-eabi/6.3.1/../../../../arm-none-eabi/lib/thumb/v6-m\libc_nano.a(lib_a-printf.o)
                              src/demotasks.o (printf)
e:/programas/atmel/7.0/toolchain/arm/arm-gnu-toolchain/bin/../lib/gcc/arm-none-eabi/6.3.1/../../../../arm-none-eabi/lib/thumb/v6-m\libc_nano.a(lib_a-puts.o)
                              src/demotasks.o (puts)
e:/programas/atmel/7.0/toolchain/arm/arm-gnu-toolchain/bin/../lib/gcc/arm-none-eabi/6.3.1/../../../../arm-none-eabi/lib/thumb/v6-m\libc_nano.a(lib_a-refill.o)
[...]
Memory Configuration

Name             Origin             Length             Attributes
rom              0x00000000         0x00040000         xr
ram              0x20000000         0x00008000         xrw
*default*        0x00000000         0xffffffff

Linker script and memory map

LOAD e:/programas/atmel/7.0/toolchain/arm/arm-gnu-toolchain/bin/../lib/gcc/arm-none-eabi/6.3.1/thumb/v6-m/crti.o
LOAD e:/programas/atmel/7.0/toolchain/arm/arm-gnu-toolchain/bin/../lib/gcc/arm-none-eabi/6.3.1/thumb/v6-m/crtbegin.o
LOAD e:/programas/atmel/7.0/toolchain/arm/arm-gnu-toolchain/bin/../lib/gcc/arm-none-eabi/6.3.1/../../../../arm-none-eabi/lib/thumb/v6-m/crt0.o
LOAD src/ASF/sam0/drivers/rtc/rtc_sam_d_r_h/rtc_calendar.o
LOAD src/ASF/sam0/drivers/rtc/rtc_sam_d_r_h/rtc_calendar_interrupt.o
LOAD src/ASF/sam0/utils/stdio/read.o
LOAD src/ASF/sam0/utils/stdio/write.o
LOAD src/ASF/thirdparty/fatfs/fatfs-port-r0.09/diskio.o
LOAD src/ASF/thirdparty/fatfs/fatfs-port-r0.09/sam0/fattime_rtc.o
LOAD src/ASF/thirdparty/fatfs/fatfs-r0.09/src/option/ccsbcs.o
LOAD src/ASF/common/services/storage/ctrl_access/ctrl_access.o
LOAD src/ASF/thirdparty/fatfs/fatfs-r0.09/src/ff.o
LOAD src/ASF/common/utils/interrupt/interrupt_sam_nvic.o
LOAD src/ASF/sam0/boards/samd21_xplained_pro/board_init.o
LOAD src/ASF/sam0/drivers/port/port.o
LOAD src/ASF/sam0/drivers/sercom/sercom.o
LOAD src/ASF/sam0/drivers/sercom/sercom_interrupt.o
LOAD src/ASF/sam0/drivers/sercom/usart/usart.o
LOAD src/ASF/sam0/drivers/sercom/usart/usart_interrupt.o
LOAD src/ASF/sam0/drivers/system/clock/clock_samd21_r21_da_ha1/clock.o
LOAD src/ASF/sam0/drivers/system/clock/clock_samd21_r21_da_ha1/gclk.o
LOAD src/ASF/sam0/drivers/system/interrupt/system_interrupt.o
LOAD src/ASF/sam0/drivers/system/pinmux/pinmux.o
LOAD src/ASF/sam0/drivers/system/system.o
LOAD src/ASF/sam0/utils/cmsis/samd21/source/gcc/startup_samd21.o
LOAD src/ASF/sam0/utils/cmsis/samd21/source/system_samd21.o
LOAD src/ASF/sam0/utils/syscalls/gcc/syscalls.o
LOAD src/ASF/thirdparty/freertos/freertos-10.0.0/Source/croutine.o
LOAD src/ASF/thirdparty/freertos/freertos-10.0.0/Source/event_groups.o
LOAD src/ASF/thirdparty/freertos/freertos-10.0.0/Source/list.o
LOAD src/ASF/thirdparty/freertos/freertos-10.0.0/Source/portable/GCC/ARM_CM0/port.o
LOAD src/ASF/thirdparty/freertos/freertos-10.0.0/Source/portable/MemMang/heap_1.o
LOAD src/ASF/thirdparty/freertos/freertos-10.0.0/Source/queue.o
LOAD src/ASF/thirdparty/freertos/freertos-10.0.0/Source/stream_buffer.o
LOAD src/ASF/thirdparty/freertos/freertos-10.0.0/Source/tasks.o
LOAD src/ASF/thirdparty/freertos/freertos-10.0.0/Source/timers.o
LOAD src/demotasks.o
LOAD src/main.o
START GROUP
LOAD ../src/ASF/thirdparty/CMSIS/Lib/GCC\libarm_cortexM0l_math.a
LOAD e:/programas/atmel/7.0/toolchain/arm/arm-gnu-toolchain/bin/../lib/gcc/arm-none-eabi/6.3.1/../../../../arm-none-eabi/lib/thumb/v6-m\libm.a
END GROUP
START GROUP
LOAD e:/programas/atmel/7.0/toolchain/arm/arm-gnu-toolchain/bin/../lib/gcc/arm-none-eabi/6.3.1/thumb/v6-m\libgcc.a
LOAD e:/programas/atmel/7.0/toolchain/arm/arm-gnu-toolchain/bin/../lib/gcc/arm-none-eabi/6.3.1/../../../../arm-none-eabi/lib/thumb/v6-m\libc_nano.a
END GROUP
START GROUP
LOAD e:/programas/atmel/7.0/toolchain/arm/arm-gnu-toolchain/bin/../lib/gcc/arm-none-eabi/6.3.1/thumb/v6-m\libgcc.a
LOAD e:/programas/atmel/7.0/toolchain/arm/arm-gnu-toolchain/bin/../lib/gcc/arm-none-eabi/6.3.1/../../../../arm-none-eabi/lib/thumb/v6-m\libc_nano.a
END GROUP
LOAD e:/programas/atmel/7.0/toolchain/arm/arm-gnu-toolchain/bin/../lib/gcc/arm-none-eabi/6.3.1/thumb/v6-m/crtend.o
LOAD e:/programas/atmel/7.0/toolchain/arm/arm-gnu-toolchain/bin/../lib/gcc/arm-none-eabi/6.3.1/thumb/v6-m/crtn.o
                0x00002000                STACK_SIZE = DEFINED (STACK_SIZE)?STACK_SIZE:DEFINED (__stack_size__)?__stack_size__:0x2000

.text           0x00000000     0x4738
                0x00000000                . = ALIGN (0x4)
                0x00000000                _sfixed = .
 *(.vectors .vectors.*)
 .vectors       0x00000000       0xb4 src/ASF/sam0/utils/cmsis/samd21/source/gcc/startup_samd21.o
                0x00000000                exception_table
 *(.text .text.* .gnu.linkonce.t.*)
 .text          0x000000b4       0x60 e:/programas/atmel/7.0/toolchain/arm/arm-gnu-toolchain/bin/../lib/gcc/arm-none-eabi/6.3.1/thumb/v6-m/crtbegin.o
 .text.RTC_Handler
                0x00000114       0x44 src/ASF/sam0/drivers/rtc/rtc_sam_d_r_h/rtc_calendar_interrupt.o
                0x00000114                RTC_Handler
 .text._read    0x00000158       0x44 src/ASF/sam0/utils/stdio/read.o
                0x00000158                _read
 .text._write   0x0000019c       0x50 src/ASF/sam0/utils/stdio/write.o
                0x0000019c                _write
 .text.cpu_irq_enter_critical
                0x000001ec       0x40 src/ASF/common/utils/interrupt/interrupt_sam_nvic.o
                0x000001ec                cpu_irq_enter_critical
 .text.cpu_irq_leave_critical
                0x0000022c       0x30 src/ASF/common/utils/interrupt/interrupt_sam_nvic.o
                0x0000022c                cpu_irq_leave_critical
 .text.system_board_init
                0x0000025c       0x38 src/ASF/sam0/boards/samd21_xplained_pro/board_init.o
                0x0000025c                board_init
                0x0000025c                system_board_init
 .text.port_pin_set_config
                0x00000294       0x24 src/ASF/sam0/drivers/port/port.o
                0x00000294                port_pin_set_config
 .text.long_division
                0x000002b8       0xba src/ASF/sam0/drivers/sercom/sercom.o
 .text._sercom_get_sync_baud_val
                0x00000372       0x28 src/ASF/sam0/drivers/sercom/sercom.o
                0x00000372                _sercom_get_sync_baud_val
 *fill*         0x0000039a        0x2 
 .text._sercom_get_async_baud_val
                0x0000039c       0x94 src/ASF/sam0/drivers/sercom/sercom.o
                0x0000039c                _sercom_get_async_baud_val
 .text.sercom_set_gclk_generator
                0x00000430       0x4c src/ASF/sam0/drivers/sercom/sercom.o
                0x00000430                sercom_set_gclk_generator
 .text._sercom_get_default_pad
                0x0000047c      0x178 src/ASF/sam0/drivers/sercom/sercom.o
                0x0000047c                _sercom_get_default_pad
 .text._sercom_get_sercom_inst_index
                0x000005f4       0x38 src/ASF/sam0/drivers/sercom/sercom.o
                0x000005f4                _sercom_get_sercom_inst_index
 .text._sercom_default_handler
                0x0000062c        0x2 src/ASF/sam0/drivers/sercom/sercom_interrupt.o
 *fill*         0x0000062e        0x2 
 .text._sercom_set_handler
                0x00000630       0x3c src/ASF/sam0/drivers/sercom/sercom_interrupt.o
                0x00000630                _sercom_set_handler
 .text._sercom_get_interrupt_vector
                0x0000066c       0x30 src/ASF/sam0/drivers/sercom/sercom_interrupt.o
                0x0000066c                _sercom_get_interrupt_vector
 .text.SERCOM0_Handler
                0x0000069c       0x10 src/ASF/sam0/drivers/sercom/sercom_interrupt.o
                0x0000069c                SERCOM0_Handler
 .text.SERCOM1_Handler
                0x000006ac       0x10 src/ASF/sam0/drivers/sercom/sercom_interrupt.o
                0x000006ac                SERCOM1_Handler
 .text.SERCOM2_Handler
                0x000006bc       0x10 src/ASF/sam0/drivers/sercom/sercom_interrupt.o
                0x000006bc                SERCOM2_Handler
 .text.SERCOM3_Handler
                0x000006cc       0x10 src/ASF/sam0/drivers/sercom/sercom_interrupt.o
                0x000006cc                SERCOM3_Handler
 .text.SERCOM4_Handler
                0x000006dc       0x10 src/ASF/sam0/drivers/sercom/sercom_interrupt.o
                0x000006dc                SERCOM4_Handler
 .text.SERCOM5_Handler
                0x000006ec       0x10 src/ASF/sam0/drivers/sercom/sercom_interrupt.o
                0x000006ec                SERCOM5_Handler
 .text.usart_init
                0x000006fc      0x344 src/ASF/sam0/drivers/sercom/usart/usart.o
                0x000006fc                usart_init
 .text.usart_write_wait
                0x00000a40       0x2c src/ASF/sam0/drivers/sercom/usart/usart.o
                0x00000a40                usart_write_wait
 .text.usart_read_wait
                0x00000a6c       0x70 src/ASF/sam0/drivers/sercom/usart/usart.o
                0x00000a6c                usart_read_wait
 .text._usart_interrupt_handler
                0x00000adc      0x194 src/ASF/sam0/drivers/sercom/usart/usart_interrupt.o
                0x00000adc                _usart_interrupt_handler
 .text.system_clock_source_get_hz
                0x00000c70       0x94 src/ASF/sam0/drivers/system/clock/clock_samd21_r21_da_ha1/clock.o
                0x00000c70                system_clock_source_get_hz
 .text.system_clock_source_osc8m_set_config
                0x00000d04       0x3c src/ASF/sam0/drivers/system/clock/clock_samd21_r21_da_ha1/clock.o
                0x00000d04                system_clock_source_osc8m_set_config
 .text.system_clock_source_enable
                0x00000d40       0xa8 src/ASF/sam0/drivers/system/clock/clock_samd21_r21_da_ha1/clock.o
                0x00000d40                system_clock_source_enable
 .text.system_clock_init
                0x00000de8       0xb8 src/ASF/sam0/drivers/system/clock/clock_samd21_r21_da_ha1/clock.o
                0x00000de8                system_clock_init
 .text.system_gclk_init
                0x00000ea0       0x24 src/ASF/sam0/drivers/system/clock/clock_samd21_r21_da_ha1/gclk.o
                0x00000ea0                system_gclk_init
 .text.system_gclk_gen_set_config
                0x00000ec4       0xb8 src/ASF/sam0/drivers/system/clock/clock_samd21_r21_da_ha1/gclk.o
                0x00000ec4                system_gclk_gen_set_config
 .text.system_gclk_gen_enable
                0x00000f7c       0x44 src/ASF/sam0/drivers/system/clock/clock_samd21_r21_da_ha1/gclk.o
                0x00000f7c                system_gclk_gen_enable
 .text.system_gclk_gen_get_hz
                0x00000fc0       0x8c src/ASF/sam0/drivers/system/clock/clock_samd21_r21_da_ha1/gclk.o
                0x00000fc0                system_gclk_gen_get_hz
 .text.system_gclk_chan_enable
                0x0000104c       0x30 src/ASF/sam0/drivers/system/clock/clock_samd21_r21_da_ha1/gclk.o
                0x0000104c                system_gclk_chan_enable
 .text.system_gclk_chan_disable
                0x0000107c       0x5c src/ASF/sam0/drivers/system/clock/clock_samd21_r21_da_ha1/gclk.o
                0x0000107c                system_gclk_chan_disable
 .text.system_gclk_chan_set_config
                0x000010d8       0x1c src/ASF/sam0/drivers/system/clock/clock_samd21_r21_da_ha1/gclk.o
                0x000010d8                system_gclk_chan_set_config
 .text.system_gclk_chan_get_hz
                0x000010f4       0x34 src/ASF/sam0/drivers/system/clock/clock_samd21_r21_da_ha1/gclk.o
                0x000010f4                system_gclk_chan_get_hz
 .text._system_pinmux_config
                0x00001128       0xa8 src/ASF/sam0/drivers/system/pinmux/pinmux.o
 .text.system_pinmux_pin_set_config
                0x000011d0       0x30 src/ASF/sam0/drivers/system/pinmux/pinmux.o
                0x000011d0                system_pinmux_pin_set_config
 .text._system_dummy_init
                0x00001200        0x2 src/ASF/sam0/drivers/system/system.o
                0x00001200                _system_extint_init
                0x00001200                _system_events_init
                0x00001200                _system_dummy_init
                0x00001200                _system_divas_init
 *fill*         0x00001202        0x2 
 .text.system_init
                0x00001204       0x2c src/ASF/sam0/drivers/system/system.o
                0x00001204                system_init
 .text.Dummy_Handler
                0x00001230        0x2 src/ASF/sam0/utils/cmsis/samd21/source/gcc/startup_samd21.o
                0x00001230                DMAC_Handler
                0x00001230                HardFault_Handler
                0x00001230                AC_Handler
                0x00001230                NMI_Handler
                0x00001230                TC7_Handler
                0x00001230                ADC_Handler
                0x00001230                TCC1_Handler
                0x00001230                TCC0_Handler
                0x00001230                EIC_Handler
                0x00001230                TC6_Handler
                0x00001230                WDT_Handler
                0x00001230                TC4_Handler
                0x00001230                USB_Handler
                0x00001230                TC3_Handler
                0x00001230                Dummy_Handler
                0x00001230                PM_Handler
                0x00001230                TCC2_Handler
                0x00001230                EVSYS_Handler
                0x00001230                I2S_Handler
                0x00001230                NVMCTRL_Handler
                0x00001230                DAC_Handler
                0x00001230                PTC_Handler
                0x00001230                TC5_Handler
                0x00001230                SYSCTRL_Handler
 *fill*         0x00001232        0x2 
 .text.Reset_Handler
                0x00001234       0xe4 src/ASF/sam0/utils/cmsis/samd21/source/gcc/startup_samd21.o
                0x00001234                Reset_Handler
 .text._sbrk    0x00001318       0x24 src/ASF/sam0/utils/syscalls/gcc/syscalls.o
                0x00001318                _sbrk
 .text._close   0x0000133c        0x6 src/ASF/sam0/utils/syscalls/gcc/syscalls.o
                0x0000133c                _close
 .text._fstat   0x00001342        0xa src/ASF/sam0/utils/syscalls/gcc/syscalls.o
                0x00001342                _fstat
 .text._isatty  0x0000134c        0x4 src/ASF/sam0/utils/syscalls/gcc/syscalls.o
                0x0000134c                _isatty
 .text._lseek   0x00001350        0x4 src/ASF/sam0/utils/syscalls/gcc/syscalls.o
                0x00001350                _lseek
 .text.vListInitialise
                0x00001354       0x16 src/ASF/thirdparty/freertos/freertos-10.0.0/Source/list.o
                0x00001354                vListInitialise
 .text.vListInitialiseItem
                0x0000136a        0x6 src/ASF/thirdparty/freertos/freertos-10.0.0/Source/list.o
                0x0000136a                vListInitialiseItem
 .text.vListInsertEnd
                0x00001370       0x18 src/ASF/thirdparty/freertos/freertos-10.0.0/Source/list.o
                0x00001370                vListInsertEnd
 .text.vListInsert
                0x00001388       0x2e src/ASF/thirdparty/freertos/freertos-10.0.0/Source/list.o
                0x00001388                vListInsert
 .text.uxListRemove
                0x000013b6       0x28 src/ASF/thirdparty/freertos/freertos-10.0.0/Source/list.o
                0x000013b6                uxListRemove
 *fill*         0x000013de        0x2 
 .text.prvTaskExitError
                0x000013e0       0x24 src/ASF/thirdparty/freertos/freertos-10.0.0/Source/portable/GCC/ARM_CM0/port.o
 *fill*         0x00001404        0xc 
 .text.vPortStartFirstTask
                0x00001410       0x34 src/ASF/thirdparty/freertos/freertos-10.0.0/Source/portable/GCC/ARM_CM0/port.o
 .text.pxPortInitialiseStack
                0x00001444       0x20 src/ASF/thirdparty/freertos/freertos-10.0.0/Source/portable/GCC/ARM_CM0/port.o
                0x00001444                pxPortInitialiseStack
 .text.SVC_Handler
                0x00001464        0x2 src/ASF/thirdparty/freertos/freertos-10.0.0/Source/portable/GCC/ARM_CM0/port.o
                0x00001464                SVC_Handler
 *fill*         0x00001466        0x2 
 .text.xPortStartScheduler
                0x00001468       0x74 src/ASF/thirdparty/freertos/freertos-10.0.0/Source/portable/GCC/ARM_CM0/port.o
                0x00001468                xPortStartScheduler
 .text.vPortYield
                0x000014dc       0x18 src/ASF/thirdparty/freertos/freertos-10.0.0/Source/portable/GCC/ARM_CM0/port.o
                0x000014dc                vPortYield
 .text.vPortEnterCritical
                0x000014f4       0x18 src/ASF/thirdparty/freertos/freertos-10.0.0/Source/portable/GCC/ARM_CM0/port.o
                0x000014f4                vPortEnterCritical
 .text.vPortExitCritical
                0x0000150c       0x20 src/ASF/thirdparty/freertos/freertos-10.0.0/Source/portable/GCC/ARM_CM0/port.o
                0x0000150c                vPortExitCritical
 .text.ulSetInterruptMaskFromISR
                0x0000152c        0x8 src/ASF/thirdparty/freertos/freertos-10.0.0/Source/portable/GCC/ARM_CM0/port.o
                0x0000152c                ulSetInterruptMaskFromISR
 .text.vClearInterruptMaskFromISR
                0x00001534        0x6 src/ASF/thirdparty/freertos/freertos-10.0.0/Source/portable/GCC/ARM_CM0/port.o
                0x00001534                vClearInterruptMaskFromISR
 *fill*         0x0000153a        0x6 
 .text.PendSV_Handler
                0x00001540       0x44 src/ASF/thirdparty/freertos/freertos-10.0.0/Source/portable/GCC/ARM_CM0/port.o
                0x00001540                PendSV_Handler
 .text.SysTick_Handler
                0x00001584       0x30 src/ASF/thirdparty/freertos/freertos-10.0.0/Source/portable/GCC/ARM_CM0/port.o
                0x00001584                SysTick_Handler
 .text.pvPortMalloc
                0x000015b4       0x6c src/ASF/thirdparty/freertos/freertos-10.0.0/Source/portable/MemMang/heap_1.o
                0x000015b4                pvPortMalloc
 .text.vPortFree
                0x00001620        0xa src/ASF/thirdparty/freertos/freertos-10.0.0/Source/portable/MemMang/heap_1.o
                0x00001620                vPortFree
 *fill*         0x0000162a        0x2 
 .text.prvIsQueueEmpty
                0x0000162c       0x1c src/ASF/thirdparty/freertos/freertos-10.0.0/Source/queue.o
 .text.prvCopyDataToQueue
                0x00001648       0x7c src/ASF/thirdparty/freertos/freertos-10.0.0/Source/queue.o
 .text.prvNotifyQueueSetContainer
                0x000016c4       0x68 src/ASF/thirdparty/freertos/freertos-10.0.0/Source/queue.o
 .text.prvCopyDataFromQueue
                0x0000172c       0x28 src/ASF/thirdparty/freertos/freertos-10.0.0/Source/queue.o
 .text.prvUnlockQueue
                0x00001754       0xb0 src/ASF/thirdparty/freertos/freertos-10.0.0/Source/queue.o
 .text.xQueueGenericReset
                0x00001804       0x7c src/ASF/thirdparty/freertos/freertos-10.0.0/Source/queue.o
                0x00001804                xQueueGenericReset
 .text.xQueueGenericCreate
                0x00001880       0x48 src/ASF/thirdparty/freertos/freertos-10.0.0/Source/queue.o
                0x00001880                xQueueGenericCreate
 .text.xQueueGenericSend
                0x000018c8      0x18c src/ASF/thirdparty/freertos/freertos-10.0.0/Source/queue.o
                0x000018c8                xQueueGenericSend
 .text.xQueueCreateMutex
                0x00001a54       0x2c src/ASF/thirdparty/freertos/freertos-10.0.0/Source/queue.o
                0x00001a54                xQueueCreateMutex
 .text.xQueueGenericSendFromISR
                0x00001a80       0xd0 src/ASF/thirdparty/freertos/freertos-10.0.0/Source/queue.o
                0x00001a80                xQueueGenericSendFromISR
 .text.xQueueReceive
                0x00001b50      0x154 src/ASF/thirdparty/freertos/freertos-10.0.0/Source/queue.o
                0x00001b50                xQueueReceive
 .text.xQueueSemaphoreTake
                0x00001ca4      0x198 src/ASF/thirdparty/freertos/freertos-10.0.0/Source/queue.o
                0x00001ca4                xQueueSemaphoreTake
 .text.vQueueWaitForMessageRestricted
                0x00001e3c       0x60 src/ASF/thirdparty/freertos/freertos-10.0.0/Source/queue.o
                0x00001e3c                vQueueWaitForMessageRestricted
 .text.prvResetNextTaskUnblockTime
                0x00001e9c       0x2c src/ASF/thirdparty/freertos/freertos-10.0.0/Source/tasks.o
 .text.prvIdleTask
                0x00001ec8       0x80 src/ASF/thirdparty/freertos/freertos-10.0.0/Source/tasks.o
 .text.prvAddCurrentTaskToDelayedList
                0x00001f48       0x88 src/ASF/thirdparty/freertos/freertos-10.0.0/Source/tasks.o
 .text.xTaskCreate
                0x00001fd0      0x1d8 src/ASF/thirdparty/freertos/freertos-10.0.0/Source/tasks.o
                0x00001fd0                xTaskCreate
 .text.vTaskStartScheduler
                0x000021a8       0x70 src/ASF/thirdparty/freertos/freertos-10.0.0/Source/tasks.o
                0x000021a8                vTaskStartScheduler
 .text.vTaskSuspendAll
                0x00002218       0x10 src/ASF/thirdparty/freertos/freertos-10.0.0/Source/tasks.o
                0x00002218                vTaskSuspendAll
 .text.xTaskGetTickCount
                0x00002228        0xc src/ASF/thirdparty/freertos/freertos-10.0.0/Source/tasks.o
                0x00002228                xTaskGetTickCount
 .text.xTaskIncrementTick
                0x00002234      0x120 src/ASF/thirdparty/freertos/freertos-10.0.0/Source/tasks.o
                0x00002234                xTaskIncrementTick
 .text.xTaskResumeAll
                0x00002354      0x100 src/ASF/thirdparty/freertos/freertos-10.0.0/Source/tasks.o
                0x00002354                xTaskResumeAll
 .text.vTaskDelay
                0x00002454       0x40 src/ASF/thirdparty/freertos/freertos-10.0.0/Source/tasks.o
                0x00002454                vTaskDelay
 .text.vTaskSwitchContext
                0x00002494       0x9c src/ASF/thirdparty/freertos/freertos-10.0.0/Source/tasks.o
                0x00002494                vTaskSwitchContext
 .text.vTaskPlaceOnEventList
                0x00002530       0x2c src/ASF/thirdparty/freertos/freertos-10.0.0/Source/tasks.o
                0x00002530                vTaskPlaceOnEventList
 .text.vTaskPlaceOnEventListRestricted
                0x0000255c       0x38 src/ASF/thirdparty/freertos/freertos-10.0.0/Source/tasks.o
                0x0000255c                vTaskPlaceOnEventListRestricted
 .text.xTaskRemoveFromEventList
                0x00002594       0x88 src/ASF/thirdparty/freertos/freertos-10.0.0/Source/tasks.o
                0x00002594                xTaskRemoveFromEventList
 .text.vTaskInternalSetTimeOutState
                0x0000261c       0x18 src/ASF/thirdparty/freertos/freertos-10.0.0/Source/tasks.o
                0x0000261c                vTaskInternalSetTimeOutState
 .text.xTaskCheckForTimeOut
                0x00002634       0x70 src/ASF/thirdparty/freertos/freertos-10.0.0/Source/tasks.o
                0x00002634                xTaskCheckForTimeOut
 .text.vTaskMissedYield
                0x000026a4        0xc src/ASF/thirdparty/freertos/freertos-10.0.0/Source/tasks.o
                0x000026a4                vTaskMissedYield
 .text.xTaskGetSchedulerState
                0x000026b0       0x20 src/ASF/thirdparty/freertos/freertos-10.0.0/Source/tasks.o
                0x000026b0                xTaskGetSchedulerState
 .text.xTaskPriorityInherit
                0x000026d0       0x98 src/ASF/thirdparty/freertos/freertos-10.0.0/Source/tasks.o
                0x000026d0                xTaskPriorityInherit
 .text.xTaskPriorityDisinherit
                0x00002768       0x7c src/ASF/thirdparty/freertos/freertos-10.0.0/Source/tasks.o
                0x00002768                xTaskPriorityDisinherit
 .text.vTaskPriorityDisinheritAfterTimeout
                0x000027e4       0x8c src/ASF/thirdparty/freertos/freertos-10.0.0/Source/tasks.o
                0x000027e4                vTaskPriorityDisinheritAfterTimeout
 .text.pvTaskIncrementMutexHeldCount
                0x00002870       0x1c src/ASF/thirdparty/freertos/freertos-10.0.0/Source/tasks.o
                0x00002870                pvTaskIncrementMutexHeldCount
 .text.prvInsertTimerInActiveList
                0x0000288c       0x48 src/ASF/thirdparty/freertos/freertos-10.0.0/Source/timers.o
 .text.prvCheckForValidListAndQueue
                0x000028d4       0x60 src/ASF/thirdparty/freertos/freertos-10.0.0/Source/timers.o
 .text.xTimerCreateTimerTask
                0x00002934       0x48 src/ASF/thirdparty/freertos/freertos-10.0.0/Source/timers.o
                0x00002934                xTimerCreateTimerTask
 .text.xTimerGenericCommand
                0x0000297c       0x6c src/ASF/thirdparty/freertos/freertos-10.0.0/Source/timers.o
                0x0000297c                xTimerGenericCommand
 .text.prvSampleTimeNow
                0x000029e8       0xb8 src/ASF/thirdparty/freertos/freertos-10.0.0/Source/timers.o
 .text.prvTimerTask
                0x00002aa0      0x188 src/ASF/thirdparty/freertos/freertos-10.0.0/Source/timers.o
 .text.usart_serial_getchar
                0x00002c28       0x2c src/demotasks.o
 .text.usart_serial_putchar
                0x00002c54       0x18 src/demotasks.o
 .text.writer   0x00002c6c       0x7c src/demotasks.o
 .text.print_usage
                0x00002ce8       0x14 src/demotasks.o
                0x00002ce8                print_usage
 .text.read_cmd
                0x00002cfc       0x14 src/demotasks.o
                0x00002cfc                read_cmd
 .text.write_buffer
                0x00002d10       0x3c src/demotasks.o
                0x00002d10                write_buffer
 .text.parse_command
                0x00002d4c       0x38 src/demotasks.o
                0x00002d4c                parse_command
 .text.receiver
                0x00002d84       0x64 src/demotasks.o
 .text.set_usart_config
                0x00002de8       0xec src/demotasks.o
                0x00002de8                set_usart_config
 .text.demotasks_init
                0x00002ed4       0xac src/demotasks.o
                0x00002ed4                demotasks_init
 .text.main     0x00002f80       0x2c src/main.o
                0x00002f80                main
 .text          0x00002fac      0x114 e:/programas/atmel/7.0/toolchain/arm/arm-gnu-toolchain/bin/../lib/gcc/arm-none-eabi/6.3.1/thumb/v6-m\libgcc.a(_udivsi3.o)
                0x00002fac                __aeabi_uidiv
                0x00002fac                __udivsi3
                0x000030b8                __aeabi_uidivmod
 .text          0x000030c0        0x4 e:/programas/atmel/7.0/toolchain/arm/arm-gnu-toolchain/bin/../lib/gcc/arm-none-eabi/6.3.1/thumb/v6-m\libgcc.a(_dvmd_tls.o)
                0x000030c0                __aeabi_idiv0
                0x000030c0                __aeabi_ldiv0
 .text          0x000030c4       0x54 e:/programas/atmel/7.0/toolchain/arm/arm-gnu-toolchain/bin/../lib/gcc/arm-none-eabi/6.3.1/thumb/v6-m\libgcc.a(_muldi3.o)
                0x000030c4                __muldi3
                0x000030c4                __aeabi_lmul
 .text._fgets_r
                0x00003118       0xcc e:/programas/atmel/7.0/toolchain/arm/arm-gnu-toolchain/bin/../lib/gcc/arm-none-eabi/6.3.1/../../../../arm-none-eabi/lib/thumb/v6-m\libc_nano.a(lib_a-fgets.o)
                0x00003118                _fgets_r
 .text.fgets    0x000031e4       0x18 e:/programas/atmel/7.0/toolchain/arm/arm-gnu-toolchain/bin/../lib/gcc/arm-none-eabi/6.3.1/../../../../arm-none-eabi/lib/thumb/v6-m\libc_nano.a(lib_a-fgets.o)
                0x000031e4                fgets
 .text._cleanup_r
                0x000031fc       0x10 e:/programas/atmel/7.0/toolchain/arm/arm-gnu-toolchain/bin/../lib/gcc/arm-none-eabi/6.3.1/../../../../arm-none-eabi/lib/thumb/v6-m\libc_nano.a(lib_a-findfp.o)
                0x000031fc                _cleanup_r
 .text.std.isra.0
                0x0000320c       0x48 e:/programas/atmel/7.0/toolchain/arm/arm-gnu-toolchain/bin/../lib/gcc/arm-none-eabi/6.3.1/../../../../arm-none-eabi/lib/thumb/v6-m\libc_nano.a(lib_a-findfp.o)
 .text.__sfmoreglue
                0x00003254       0x2c e:/programas/atmel/7.0/toolchain/arm/arm-gnu-toolchain/bin/../lib/gcc/arm-none-eabi/6.3.1/../../../../arm-none-eabi/lib/thumb/v6-m\libc_nano.a(lib_a-findfp.o)
                0x00003254                __sfmoreglue
 .text.__sinit  0x00003280       0x68 e:/programas/atmel/7.0/toolchain/arm/arm-gnu-toolchain/bin/../lib/gcc/arm-none-eabi/6.3.1/../../../../arm-none-eabi/lib/thumb/v6-m\libc_nano.a(lib_a-findfp.o)
                0x00003280                __sinit
 .text.__sfp    0x000032e8       0x80 e:/programas/atmel/7.0/toolchain/arm/arm-gnu-toolchain/bin/../lib/gcc/arm-none-eabi/6.3.1/../../../../arm-none-eabi/lib/thumb/v6-m\libc_nano.a(lib_a-findfp.o)
                0x000032e8                __sfp
 .text._fwalk   0x00003368       0x38 e:/programas/atmel/7.0/toolchain/arm/arm-gnu-toolchain/bin/../lib/gcc/arm-none-eabi/6.3.1/../../../../arm-none-eabi/lib/thumb/v6-m\libc_nano.a(lib_a-fwalk.o)
                0x00003368                _fwalk
 .text._fwalk_reent
                0x000033a0       0x42 e:/programas/atmel/7.0/toolchain/arm/arm-gnu-toolchain/bin/../lib/gcc/arm-none-eabi/6.3.1/../../../../arm-none-eabi/lib/thumb/v6-m\libc_nano.a(lib_a-fwalk.o)
                0x000033a0                _fwalk_reent
 *fill*         0x000033e2        0x2 
 .text.__libc_init_array
                0x000033e4       0x48 e:/programas/atmel/7.0/toolchain/arm/arm-gnu-toolchain/bin/../lib/gcc/arm-none-eabi/6.3.1/../../../../arm-none-eabi/lib/thumb/v6-m\libc_nano.a(lib_a-init.o)
                0x000033e4                __libc_init_array
 .text.memchr   0x0000342c       0x16 e:/programas/atmel/7.0/toolchain/arm/arm-gnu-toolchain/bin/../lib/gcc/arm-none-eabi/6.3.1/../../../../arm-none-eabi/lib/thumb/v6-m\libc_nano.a(lib_a-memchr-stub.o)
                0x0000342c                memchr
 .text.memcpy   0x00003442       0x12 e:/programas/atmel/7.0/toolchain/arm/arm-gnu-toolchain/bin/../lib/gcc/arm-none-eabi/6.3.1/../../../../arm-none-eabi/lib/thumb/v6-m\libc_nano.a(lib_a-memcpy-stub.o)
                0x00003442                memcpy
 .text.memset   0x00003454       0x10 e:/programas/atmel/7.0/toolchain/arm/arm-gnu-toolchain/bin/../lib/gcc/arm-none-eabi/6.3.1/../../../../arm-none-eabi/lib/thumb/v6-m\libc_nano.a(lib_a-memset.o)
                0x00003454                memset
 .text._malloc_r
                0x00003464       0xbc e:/programas/atmel/7.0/toolchain/arm/arm-gnu-toolchain/bin/../lib/gcc/arm-none-eabi/6.3.1/../../../../arm-none-eabi/lib/thumb/v6-m\libc_nano.a(lib_a-nano-mallocr.o)
                0x00003464                _malloc_r
 .text.printf   0x00003520       0x34 e:/programas/atmel/7.0/toolchain/arm/arm-gnu-toolchain/bin/../lib/gcc/arm-none-eabi/6.3.1/../../../../arm-none-eabi/lib/thumb/v6-m\libc_nano.a(lib_a-printf.o)
                0x00003520                iprintf
                0x00003520                printf
 .text._puts_r  0x00003554       0xc0 e:/programas/atmel/7.0/toolchain/arm/arm-gnu-toolchain/bin/../lib/gcc/arm-none-eabi/6.3.1/../../../../arm-none-eabi/lib/thumb/v6-m\libc_nano.a(lib_a-puts.o)
                0x00003554                _puts_r
 .text.puts     0x00003614       0x14 e:/programas/atmel/7.0/toolchain/arm/arm-gnu-toolchain/bin/../lib/gcc/arm-none-eabi/6.3.1/../../../../arm-none-eabi/lib/thumb/v6-m\libc_nano.a(lib_a-puts.o)
                0x00003614                puts
 .text.lflush   0x00003628       0x18 e:/programas/atmel/7.0/toolchain/arm/arm-gnu-toolchain/bin/../lib/gcc/arm-none-eabi/6.3.1/../../../../arm-none-eabi/lib/thumb/v6-m\libc_nano.a(lib_a-refill.o)
 .text.__srefill_r
                0x00003640      0x120 e:/programas/atmel/7.0/toolchain/arm/arm-gnu-toolchain/bin/../lib/gcc/arm-none-eabi/6.3.1/../../../../arm-none-eabi/lib/thumb/v6-m\libc_nano.a(lib_a-refill.o)
                0x00003640                __srefill_r
 .text._sbrk_r  0x00003760       0x24 e:/programas/atmel/7.0/toolchain/arm/arm-gnu-toolchain/bin/../lib/gcc/arm-none-eabi/6.3.1/../../../../arm-none-eabi/lib/thumb/v6-m\libc_nano.a(lib_a-sbrkr.o)
                0x00003760                _sbrk_r
 .text.setbuf   0x00003784       0x12 e:/programas/atmel/7.0/toolchain/arm/arm-gnu-toolchain/bin/../lib/gcc/arm-none-eabi/6.3.1/../../../../arm-none-eabi/lib/thumb/v6-m\libc_nano.a(lib_a-setbuf.o)
                0x00003784                setbuf
 *fill*         0x00003796        0x2 
 .text.setvbuf  0x00003798      0x158 e:/programas/atmel/7.0/toolchain/arm/arm-gnu-toolchain/bin/../lib/gcc/arm-none-eabi/6.3.1/../../../../arm-none-eabi/lib/thumb/v6-m\libc_nano.a(lib_a-setvbuf.o)
                0x00003798                setvbuf
 .text.__sread  0x000038f0       0x28 e:/programas/atmel/7.0/toolchain/arm/arm-gnu-toolchain/bin/../lib/gcc/arm-none-eabi/6.3.1/../../../../arm-none-eabi/lib/thumb/v6-m\libc_nano.a(lib_a-stdio.o)
                0x000038f0                __sread
 .text.__swrite
                0x00003918       0x38 e:/programas/atmel/7.0/toolchain/arm/arm-gnu-toolchain/bin/../lib/gcc/arm-none-eabi/6.3.1/../../../../arm-none-eabi/lib/thumb/v6-m\libc_nano.a(lib_a-stdio.o)
                0x00003918                __swrite
 .text.__sseek  0x00003950       0x2c e:/programas/atmel/7.0/toolchain/arm/arm-gnu-toolchain/bin/../lib/gcc/arm-none-eabi/6.3.1/../../../../arm-none-eabi/lib/thumb/v6-m\libc_nano.a(lib_a-stdio.o)
                0x00003950                __sseek
 .text.__sclose
                0x0000397c        0xc e:/programas/atmel/7.0/toolchain/arm/arm-gnu-toolchain/bin/../lib/gcc/arm-none-eabi/6.3.1/../../../../arm-none-eabi/lib/thumb/v6-m\libc_nano.a(lib_a-stdio.o)
                0x0000397c                __sclose
 .text.strcpy   0x00003988       0x10 e:/programas/atmel/7.0/toolchain/arm/arm-gnu-toolchain/bin/../lib/gcc/arm-none-eabi/6.3.1/../../../../arm-none-eabi/lib/thumb/v6-m\libc_nano.a(lib_a-strcpy.o)
                0x00003988                strcpy
 .text.__swbuf_r
                0x00003998       0xac e:/programas/atmel/7.0/toolchain/arm/arm-gnu-toolchain/bin/../lib/gcc/arm-none-eabi/6.3.1/../../../../arm-none-eabi/lib/thumb/v6-m\libc_nano.a(lib_a-wbuf.o)
                0x00003998                __swbuf_r
 .text._write_r
                0x00003a44       0x28 e:/programas/atmel/7.0/toolchain/arm/arm-gnu-toolchain/bin/../lib/gcc/arm-none-eabi/6.3.1/../../../../arm-none-eabi/lib/thumb/v6-m\libc_nano.a(lib_a-writer.o)
                0x00003a44                _write_r
 .text.__swsetup_r
                0x00003a6c       0xec e:/programas/atmel/7.0/toolchain/arm/arm-gnu-toolchain/bin/../lib/gcc/arm-none-eabi/6.3.1/../../../../arm-none-eabi/lib/thumb/v6-m\libc_nano.a(lib_a-wsetup.o)
                0x00003a6c                __swsetup_r
 .text._close_r
                0x00003b58       0x24 e:/programas/atmel/7.0/toolchain/arm/arm-gnu-toolchain/bin/../lib/gcc/arm-none-eabi/6.3.1/../../../../arm-none-eabi/lib/thumb/v6-m\libc_nano.a(lib_a-closer.o)
                0x00003b58                _close_r
 .text.__sflush_r
                0x00003b7c      0x114 e:/programas/atmel/7.0/toolchain/arm/arm-gnu-toolchain/bin/../lib/gcc/arm-none-eabi/6.3.1/../../../../arm-none-eabi/lib/thumb/v6-m\libc_nano.a(lib_a-fflush.o)
                0x00003b7c                __sflush_r
 .text._fflush_r
                0x00003c90       0x58 e:/programas/atmel/7.0/toolchain/arm/arm-gnu-toolchain/bin/../lib/gcc/arm-none-eabi/6.3.1/../../../../arm-none-eabi/lib/thumb/v6-m\libc_nano.a(lib_a-fflush.o)
                0x00003c90                _fflush_r
 .text.fflush   0x00003ce8       0x28 e:/programas/atmel/7.0/toolchain/arm/arm-gnu-toolchain/bin/../lib/gcc/arm-none-eabi/6.3.1/../../../../arm-none-eabi/lib/thumb/v6-m\libc_nano.a(lib_a-fflush.o)
                0x00003ce8                fflush
 .text._lseek_r
                0x00003d10       0x28 e:/programas/atmel/7.0/toolchain/arm/arm-gnu-toolchain/bin/../lib/gcc/arm-none-eabi/6.3.1/../../../../arm-none-eabi/lib/thumb/v6-m\libc_nano.a(lib_a-lseekr.o)
                0x00003d10                _lseek_r
 .text.__swhatbuf_r
                0x00003d38       0x50 e:/programas/atmel/7.0/toolchain/arm/arm-gnu-toolchain/bin/../lib/gcc/arm-none-eabi/6.3.1/../../../../arm-none-eabi/lib/thumb/v6-m\libc_nano.a(lib_a-makebuf.o)
                0x00003d38                __swhatbuf_r
 .text.__smakebuf_r
                0x00003d88       0x88 e:/programas/atmel/7.0/toolchain/arm/arm-gnu-toolchain/bin/../lib/gcc/arm-none-eabi/6.3.1/../../../../arm-none-eabi/lib/thumb/v6-m\libc_nano.a(lib_a-makebuf.o)
                0x00003d88                __smakebuf_r
 .text.malloc   0x00003e10       0x14 e:/programas/atmel/7.0/toolchain/arm/arm-gnu-toolchain/bin/../lib/gcc/arm-none-eabi/6.3.1/../../../../arm-none-eabi/lib/thumb/v6-m\libc_nano.a(lib_a-malloc.o)
                0x00003e10                malloc
 .text.__malloc_lock
                0x00003e24        0x2 e:/programas/atmel/7.0/toolchain/arm/arm-gnu-toolchain/bin/../lib/gcc/arm-none-eabi/6.3.1/../../../../arm-none-eabi/lib/thumb/v6-m\libc_nano.a(lib_a-mlock.o)
                0x00003e24                __malloc_lock
 .text.__malloc_unlock
                0x00003e26        0x2 e:/programas/atmel/7.0/toolchain/arm/arm-gnu-toolchain/bin/../lib/gcc/arm-none-eabi/6.3.1/../../../../arm-none-eabi/lib/thumb/v6-m\libc_nano.a(lib_a-mlock.o)
                0x00003e26                __malloc_unlock
 .text._free_r  0x00003e28       0x94 e:/programas/atmel/7.0/toolchain/arm/arm-gnu-toolchain/bin/../lib/gcc/arm-none-eabi/6.3.1/../../../../arm-none-eabi/lib/thumb/v6-m\libc_nano.a(lib_a-nano-freer.o)
                0x00003e28                _free_r
 .text.__sfputc_r
                0x00003ebc       0x2a e:/programas/atmel/7.0/toolchain/arm/arm-gnu-toolchain/bin/../lib/gcc/arm-none-eabi/6.3.1/../../../../arm-none-eabi/lib/thumb/v6-m\libc_nano.a(lib_a-nano-vfprintf.o)
 .text.__sfputs_r
                0x00003ee6       0x24 e:/programas/atmel/7.0/toolchain/arm/arm-gnu-toolchain/bin/../lib/gcc/arm-none-eabi/6.3.1/../../../../arm-none-eabi/lib/thumb/v6-m\libc_nano.a(lib_a-nano-vfprintf.o)
                0x00003ee6                __sfputs_r
 *fill*         0x00003f0a        0x2 
 .text._vfprintf_r
                0x00003f0c      0x238 e:/programas/atmel/7.0/toolchain/arm/arm-gnu-toolchain/bin/../lib/gcc/arm-none-eabi/6.3.1/../../../../arm-none-eabi/lib/thumb/v6-m\libc_nano.a(lib_a-nano-vfprintf.o)
                0x00003f0c                _vfprintf_r
                0x00003f0c                _vfiprintf_r
 .text._printf_common
                0x00004144       0xda e:/programas/atmel/7.0/toolchain/arm/arm-gnu-toolchain/bin/../lib/gcc/arm-none-eabi/6.3.1/../../../../arm-none-eabi/lib/thumb/v6-m\libc_nano.a(lib_a-nano-vfprintf_i.o)
                0x00004144                _printf_common
 *fill*         0x0000421e        0x2 
 .text._printf_i
                0x00004220      0x234 e:/programas/atmel/7.0/toolchain/arm/arm-gnu-toolchain/bin/../lib/gcc/arm-none-eabi/6.3.1/../../../../arm-none-eabi/lib/thumb/v6-m\libc_nano.a(lib_a-nano-vfprintf_i.o)
                0x00004220                _printf_i
 .text._read_r  0x00004454       0x28 e:/programas/atmel/7.0/toolchain/arm/arm-gnu-toolchain/bin/../lib/gcc/arm-none-eabi/6.3.1/../../../../arm-none-eabi/lib/thumb/v6-m\libc_nano.a(lib_a-readr.o)
                0x00004454                _read_r
 .text._fstat_r
                0x0000447c       0x24 e:/programas/atmel/7.0/toolchain/arm/arm-gnu-toolchain/bin/../lib/gcc/arm-none-eabi/6.3.1/../../../../arm-none-eabi/lib/thumb/v6-m\libc_nano.a(lib_a-fstatr.o)
                0x0000447c                _fstat_r
 .text._isatty_r
                0x000044a0       0x24 e:/programas/atmel/7.0/toolchain/arm/arm-gnu-toolchain/bin/../lib/gcc/arm-none-eabi/6.3.1/../../../../arm-none-eabi/lib/thumb/v6-m\libc_nano.a(lib_a-isattyr.o)
                0x000044a0                _isatty_r
 *(.glue_7t)
 .glue_7t       0x000044c4        0x0 linker stubs
 *(.glue_7)
 .glue_7        0x000044c4        0x0 linker stubs
 *(.rodata .rodata* .gnu.linkonce.r.*)
 .rodata        0x000044c4       0x18 src/ASF/sam0/drivers/sercom/sercom.o
 .rodata.system_clock_source_get_hz
                0x000044dc       0x24 src/ASF/sam0/drivers/system/clock/clock_samd21_r21_da_ha1/clock.o
 .rodata.system_clock_source_enable
                0x00004500       0x24 src/ASF/sam0/drivers/system/clock/clock_samd21_r21_da_ha1/clock.o
 .rodata.vTaskStartScheduler.str1.4
                0x00004524        0x5 src/ASF/thirdparty/freertos/freertos-10.0.0/Source/tasks.o
 *fill*         0x00004529        0x3 
 .rodata.prvTimerTask
                0x0000452c       0x28 src/ASF/thirdparty/freertos/freertos-10.0.0/Source/timers.o
 .rodata.xTimerCreateTimerTask.str1.4
                0x00004554        0x8 src/ASF/thirdparty/freertos/freertos-10.0.0/Source/timers.o
 .rodata.demotasks_init.str1.4
                0x0000455c       0x4c src/demotasks.o
 .rodata.print_usage.str1.4
                0x000045a8       0x40 src/demotasks.o
 .rodata.read_cmd.str1.4
                0x000045e8       0x14 src/demotasks.o
 .rodata.receiver.str1.4
                0x000045fc       0x14 src/demotasks.o
 .rodata.write_buffer.str1.4
                0x00004610       0x2a src/demotasks.o
 *fill*         0x0000463a        0x2 
 .rodata.writer.str1.4
                0x0000463c       0x27 src/demotasks.o
 *fill*         0x00004663        0x1 
 .rodata.main.str1.4
                0x00004664       0x1c src/main.o
 .rodata.__sf_fake_stderr
                0x00004680       0x20 e:/programas/atmel/7.0/toolchain/arm/arm-gnu-toolchain/bin/../lib/gcc/arm-none-eabi/6.3.1/../../../../arm-none-eabi/lib/thumb/v6-m\libc_nano.a(lib_a-findfp.o)
                0x00004680                __sf_fake_stderr
 .rodata.__sf_fake_stdin
                0x000046a0       0x20 e:/programas/atmel/7.0/toolchain/arm/arm-gnu-toolchain/bin/../lib/gcc/arm-none-eabi/6.3.1/../../../../arm-none-eabi/lib/thumb/v6-m\libc_nano.a(lib_a-findfp.o)
                0x000046a0                __sf_fake_stdin
 .rodata.__sf_fake_stdout
                0x000046c0       0x20 e:/programas/atmel/7.0/toolchain/arm/arm-gnu-toolchain/bin/../lib/gcc/arm-none-eabi/6.3.1/../../../../arm-none-eabi/lib/thumb/v6-m\libc_nano.a(lib_a-findfp.o)
                0x000046c0                __sf_fake_stdout
 .rodata._global_impure_ptr
                0x000046e0        0x4 e:/programas/atmel/7.0/toolchain/arm/arm-gnu-toolchain/bin/../lib/gcc/arm-none-eabi/6.3.1/../../../../arm-none-eabi/lib/thumb/v6-m\libc_nano.a(lib_a-impure.o)
                0x000046e0                _global_impure_ptr
 .rodata._vfprintf_r.str1.1
                0x000046e4       0x11 e:/programas/atmel/7.0/toolchain/arm/arm-gnu-toolchain/bin/../lib/gcc/arm-none-eabi/6.3.1/../../../../arm-none-eabi/lib/thumb/v6-m\libc_nano.a(lib_a-nano-vfprintf.o)
 .rodata._printf_i.str1.1
                0x000046f5       0x22 e:/programas/atmel/7.0/toolchain/arm/arm-gnu-toolchain/bin/../lib/gcc/arm-none-eabi/6.3.1/../../../../arm-none-eabi/lib/thumb/v6-m\libc_nano.a(lib_a-nano-vfprintf_i.o)
 *(.ARM.extab* .gnu.linkonce.armextab.*)
                0x00004718                . = ALIGN (0x4)
 *fill*         0x00004717        0x1 
 *(.init)
 .init          0x00004718        0x4 e:/programas/atmel/7.0/toolchain/arm/arm-gnu-toolchain/bin/../lib/gcc/arm-none-eabi/6.3.1/thumb/v6-m/crti.o
                0x00004718                _init
 .init          0x0000471c        0x8 e:/programas/atmel/7.0/toolchain/arm/arm-gnu-toolchain/bin/../lib/gcc/arm-none-eabi/6.3.1/thumb/v6-m/crtn.o
                0x00004724                . = ALIGN (0x4)
                0x00004724                __preinit_array_start = .
 *(.preinit_array)
                0x00004724                __preinit_array_end = .
                0x00004724                . = ALIGN (0x4)
                0x00004724                __init_array_start = .
 *(SORT(.init_array.*))
 *(.init_array)
 .init_array    0x00004724        0x4 e:/programas/atmel/7.0/toolchain/arm/arm-gnu-toolchain/bin/../lib/gcc/arm-none-eabi/6.3.1/thumb/v6-m/crtbegin.o
                0x00004728                __init_array_end = .
                0x00004728                . = ALIGN (0x4)
 *crtbegin.o(.ctors)
 *(EXCLUDE_FILE(*crtend.o) .ctors)
 *(SORT(.ctors.*))
 *crtend.o(.ctors)
                0x00004728                . = ALIGN (0x4)
 *(.fini)
 .fini          0x00004728        0x4 e:/programas/atmel/7.0/toolchain/arm/arm-gnu-toolchain/bin/../lib/gcc/arm-none-eabi/6.3.1/thumb/v6-m/crti.o
                0x00004728                _fini
 .fini          0x0000472c        0x8 e:/programas/atmel/7.0/toolchain/arm/arm-gnu-toolchain/bin/../lib/gcc/arm-none-eabi/6.3.1/thumb/v6-m/crtn.o
                0x00004734                . = ALIGN (0x4)
                0x00004734                __fini_array_start = .
 *(.fini_array)
 .fini_array    0x00004734        0x4 e:/programas/atmel/7.0/toolchain/arm/arm-gnu-toolchain/bin/../lib/gcc/arm-none-eabi/6.3.1/thumb/v6-m/crtbegin.o
 *(SORT(.fini_array.*))
                0x00004738                __fini_array_end = .
 *crtbegin.o(.dtors)
 *(EXCLUDE_FILE(*crtend.o) .dtors)
 *(SORT(.dtors.*))
 *crtend.o(.dtors)
                0x00004738                . = ALIGN (0x4)
                0x00004738                _efixed = .
                [!provide]                PROVIDE (__exidx_start, .)

.vfp11_veneer   0x00004738        0x0
 .vfp11_veneer  0x00004738        0x0 linker stubs

.v4_bx          0x00004738        0x0
 .v4_bx         0x00004738        0x0 linker stubs

.iplt           0x00004738        0x0
 .iplt          0x00004738        0x0 e:/programas/atmel/7.0/toolchain/arm/arm-gnu-toolchain/bin/../lib/gcc/arm-none-eabi/6.3.1/thumb/v6-m/crtbegin.o

.eh_frame       0x00004738        0x0
 .eh_frame      0x00004738        0x0 e:/programas/atmel/7.0/toolchain/arm/arm-gnu-toolchain/bin/../lib/gcc/arm-none-eabi/6.3.1/thumb/v6-m/crtbegin.o

.rel.dyn        0x00004738        0x0
 .rel.iplt      0x00004738        0x0 e:/programas/atmel/7.0/toolchain/arm/arm-gnu-toolchain/bin/../lib/gcc/arm-none-eabi/6.3.1/thumb/v6-m/crtbegin.o

.jcr            0x00004738        0x0
 .jcr           0x00004738        0x0 e:/programas/atmel/7.0/toolchain/arm/arm-gnu-toolchain/bin/../lib/gcc/arm-none-eabi/6.3.1/thumb/v6-m/crtbegin.o

.igot.plt       0x00004738        0x0
 .igot.plt      0x00004738        0x0 e:/programas/atmel/7.0/toolchain/arm/arm-gnu-toolchain/bin/../lib/gcc/arm-none-eabi/6.3.1/thumb/v6-m/crtbegin.o

.ARM.exidx
 *(.ARM.exidx* .gnu.linkonce.armexidx.*)
                [!provide]                PROVIDE (__exidx_end, .)
                0x00004738                . = ALIGN (0x4)
                0x00004738                _etext = .

.relocate       0x20000000       0x6c load address 0x00004738
                0x20000000                . = ALIGN (0x4)
                0x20000000                _srelocate = .
 *(.ramfunc .ramfunc.*)
 *(.data .data.*)
 .data.g_interrupt_enabled
                0x20000000        0x1 src/ASF/common/utils/interrupt/interrupt_sam_nvic.o
                0x20000000                g_interrupt_enabled
 *fill*         0x20000001        0x3 
 .data.uxCriticalNesting
                0x20000004        0x4 src/ASF/thirdparty/freertos/freertos-10.0.0/Source/portable/GCC/ARM_CM0/port.o
 .data._impure_ptr
                0x20000008        0x4 e:/programas/atmel/7.0/toolchain/arm/arm-gnu-toolchain/bin/../lib/gcc/arm-none-eabi/6.3.1/../../../../arm-none-eabi/lib/thumb/v6-m\libc_nano.a(lib_a-impure.o)
                0x20000008                _impure_ptr
 .data.impure_data
                0x2000000c       0x60 e:/programas/atmel/7.0/toolchain/arm/arm-gnu-toolchain/bin/../lib/gcc/arm-none-eabi/6.3.1/../../../../arm-none-eabi/lib/thumb/v6-m\libc_nano.a(lib_a-impure.o)
                0x2000006c                . = ALIGN (0x4)
                0x2000006c                _erelocate = .

.bss            0x2000006c     0x30b4 load address 0x000047a4
                0x2000006c                . = ALIGN (0x4)
                0x2000006c                _sbss = .
                0x2000006c                _szero = .
 *(.bss .bss.*)
 .bss           0x2000006c       0x1c e:/programas/atmel/7.0/toolchain/arm/arm-gnu-toolchain/bin/../lib/gcc/arm-none-eabi/6.3.1/thumb/v6-m/crtbegin.o
 .bss.cpu_irq_critical_section_counter
                0x20000088        0x4 src/ASF/common/utils/interrupt/interrupt_sam_nvic.o
 .bss.cpu_irq_prev_interrupt_state
                0x2000008c        0x1 src/ASF/common/utils/interrupt/interrupt_sam_nvic.o
 *fill*         0x2000008d        0x3 
 .bss._sercom_config
                0x20000090        0x2 src/ASF/sam0/drivers/sercom/sercom.o
 .bss._handler_table_initialized
                0x20000092        0x1 src/ASF/sam0/drivers/sercom/sercom_interrupt.o
 *fill*         0x20000093        0x1 
 .bss._sercom_interrupt_handlers
                0x20000094       0x18 src/ASF/sam0/drivers/sercom/sercom_interrupt.o
 .bss._system_clock_inst
                0x200000ac       0x18 src/ASF/sam0/drivers/system/clock/clock_samd21_r21_da_ha1/clock.o
 .bss.heap.5296
                0x200000c4        0x4 src/ASF/sam0/utils/syscalls/gcc/syscalls.o
 .bss.pucAlignedHeap.12001
                0x200000c8        0x4 src/ASF/thirdparty/freertos/freertos-10.0.0/Source/portable/MemMang/heap_1.o
 .bss.ucHeap    0x200000cc     0x2e00 src/ASF/thirdparty/freertos/freertos-10.0.0/Source/portable/MemMang/heap_1.o
 .bss.xNextFreeByte
                0x20002ecc        0x4 src/ASF/thirdparty/freertos/freertos-10.0.0/Source/portable/MemMang/heap_1.o
 .bss.pxCurrentTCB
                0x20002ed0        0x4 src/ASF/thirdparty/freertos/freertos-10.0.0/Source/tasks.o
                0x20002ed0                pxCurrentTCB
 .bss.pxDelayedTaskList
                0x20002ed4        0x4 src/ASF/thirdparty/freertos/freertos-10.0.0/Source/tasks.o
 .bss.pxOverflowDelayedTaskList
                0x20002ed8        0x4 src/ASF/thirdparty/freertos/freertos-10.0.0/Source/tasks.o
 .bss.pxReadyTasksLists
                0x20002edc       0x64 src/ASF/thirdparty/freertos/freertos-10.0.0/Source/tasks.o
 .bss.uxCurrentNumberOfTasks
                0x20002f40        0x4 src/ASF/thirdparty/freertos/freertos-10.0.0/Source/tasks.o
 .bss.uxDeletedTasksWaitingCleanUp
                0x20002f44        0x4 src/ASF/thirdparty/freertos/freertos-10.0.0/Source/tasks.o
 .bss.uxPendedTicks
                0x20002f48        0x4 src/ASF/thirdparty/freertos/freertos-10.0.0/Source/tasks.o
 .bss.uxSchedulerSuspended
                0x20002f4c        0x4 src/ASF/thirdparty/freertos/freertos-10.0.0/Source/tasks.o
 .bss.uxTaskNumber
                0x20002f50        0x4 src/ASF/thirdparty/freertos/freertos-10.0.0/Source/tasks.o
 .bss.uxTopReadyPriority
                0x20002f54        0x4 src/ASF/thirdparty/freertos/freertos-10.0.0/Source/tasks.o
 .bss.xDelayedTaskList1
                0x20002f58       0x14 src/ASF/thirdparty/freertos/freertos-10.0.0/Source/tasks.o
 .bss.xDelayedTaskList2
                0x20002f6c       0x14 src/ASF/thirdparty/freertos/freertos-10.0.0/Source/tasks.o
 .bss.xIdleTaskHandle
                0x20002f80        0x4 src/ASF/thirdparty/freertos/freertos-10.0.0/Source/tasks.o
 .bss.xNextTaskUnblockTime
                0x20002f84        0x4 src/ASF/thirdparty/freertos/freertos-10.0.0/Source/tasks.o
 .bss.xNumOfOverflows
                0x20002f88        0x4 src/ASF/thirdparty/freertos/freertos-10.0.0/Source/tasks.o
 .bss.xPendingReadyList
                0x20002f8c       0x14 src/ASF/thirdparty/freertos/freertos-10.0.0/Source/tasks.o
 .bss.xSchedulerRunning
                0x20002fa0        0x4 src/ASF/thirdparty/freertos/freertos-10.0.0/Source/tasks.o
 .bss.xSuspendedTaskList
                0x20002fa4       0x14 src/ASF/thirdparty/freertos/freertos-10.0.0/Source/tasks.o
 .bss.xTasksWaitingTermination
                0x20002fb8       0x14 src/ASF/thirdparty/freertos/freertos-10.0.0/Source/tasks.o
 .bss.xTickCount
                0x20002fcc        0x4 src/ASF/thirdparty/freertos/freertos-10.0.0/Source/tasks.o
 .bss.xYieldPending
                0x20002fd0        0x4 src/ASF/thirdparty/freertos/freertos-10.0.0/Source/tasks.o
 .bss.pxCurrentTimerList
                0x20002fd4        0x4 src/ASF/thirdparty/freertos/freertos-10.0.0/Source/timers.o
 .bss.pxOverflowTimerList
                0x20002fd8        0x4 src/ASF/thirdparty/freertos/freertos-10.0.0/Source/timers.o
 .bss.xActiveTimerList1
                0x20002fdc       0x14 src/ASF/thirdparty/freertos/freertos-10.0.0/Source/timers.o
 .bss.xActiveTimerList2
                0x20002ff0       0x14 src/ASF/thirdparty/freertos/freertos-10.0.0/Source/timers.o
 .bss.xLastTime.12293
                0x20003004        0x4 src/ASF/thirdparty/freertos/freertos-10.0.0/Source/timers.o
 .bss.xTimerQueue
                0x20003008        0x4 src/ASF/thirdparty/freertos/freertos-10.0.0/Source/timers.o
 .bss.xTimerTaskHandle
                0x2000300c        0x4 src/ASF/thirdparty/freertos/freertos-10.0.0/Source/timers.o
 .bss.g_buffer  0x20003010       0x64 src/demotasks.o
 .bss.terminal_mutex
                0x20003074        0x4 src/demotasks.o
 .bss.__malloc_free_list
                0x20003078        0x4 e:/programas/atmel/7.0/toolchain/arm/arm-gnu-toolchain/bin/../lib/gcc/arm-none-eabi/6.3.1/../../../../arm-none-eabi/lib/thumb/v6-m\libc_nano.a(lib_a-nano-mallocr.o)
                0x20003078                __malloc_free_list
 .bss.__malloc_sbrk_start
                0x2000307c        0x4 e:/programas/atmel/7.0/toolchain/arm/arm-gnu-toolchain/bin/../lib/gcc/arm-none-eabi/6.3.1/../../../../arm-none-eabi/lib/thumb/v6-m\libc_nano.a(lib_a-nano-mallocr.o)
                0x2000307c                __malloc_sbrk_start
 *(COMMON)
 COMMON         0x20003080        0x4 src/ASF/sam0/drivers/rtc/rtc_sam_d_r_h/rtc_calendar.o
                0x20003080                _rtc_instance
 COMMON         0x20003084        0x4 src/ASF/sam0/utils/stdio/read.o
                0x20003084                ptr_get
 COMMON         0x20003088        0x8 src/ASF/sam0/utils/stdio/write.o
                0x20003088                ptr_put
                0x2000308c                stdio_base
 COMMON         0x20003090       0x18 src/ASF/sam0/drivers/sercom/sercom_interrupt.o
                0x20003090                _sercom_instances
 COMMON         0x200030a8       0x74 src/demotasks.o
                0x200030a8                usart_instance
                0x200030dc                usart_conf
 COMMON         0x2000311c        0x4 e:/programas/atmel/7.0/toolchain/arm/arm-gnu-toolchain/bin/../lib/gcc/arm-none-eabi/6.3.1/../../../../arm-none-eabi/lib/thumb/v6-m\libc_nano.a(lib_a-reent.o)
                0x2000311c                errno
                0x20003120                . = ALIGN (0x4)
                0x20003120                _ebss = .
                0x20003120                _ezero = .

.stack          0x20003120     0x2000 load address 0x00007858
                0x20003120                . = ALIGN (0x8)
                0x20003120                _sstack = .
                0x20005120                . = (. + STACK_SIZE)
 *fill*         0x20003120     0x2000 
                0x20005120                . = ALIGN (0x8)
                0x20005120                _estack = .
                0x20005120                . = ALIGN (0x4)
                0x20005120                _end = .
OUTPUT(FINAL.elf elf32-littlearm)

.ARM.attributes
                0x00000000       0x28
 .ARM.attributes
                0x00000000       0x1e e:/programas/atmel/7.0/toolchain/arm/arm-gnu-toolchain/bin/../lib/gcc/arm-none-eabi/6.3.1/thumb/v6-m/crti.o
 .ARM.attributes
                0x0000001e       0x2c e:/programas/atmel/7.0/toolchain/arm/arm-gnu-toolchain/bin/../lib/gcc/arm-none-eabi/6.3.1/thumb/v6-m/crtbegin.o
 .ARM.attributes
                0x0000004a       0x32 src/ASF/sam0/drivers/rtc/rtc_sam_d_r_h/rtc_calendar.o
 .ARM.attributes
                0x0000007c       0x32 src/ASF/sam0/drivers/rtc/rtc_sam_d_r_h/rtc_calendar_interrupt.o
 .ARM.attributes
                0x000000ae       0x32 src/ASF/sam0/utils/stdio/read.o
 .ARM.attributes
                0x000000e0       0x32 src/ASF/sam0/utils/stdio/write.o
 .ARM.attributes
                0x00000112       0x32 src/ASF/common/utils/interrupt/interrupt_sam_nvic.o
 .ARM.attributes
                0x00000144       0x32 src/ASF/sam0/boards/samd21_xplained_pro/board_init.o
 .ARM.attributes
                0x00000176       0x32 src/ASF/sam0/drivers/port/port.o
 .ARM.attributes
                0x000001a8       0x32 src/ASF/sam0/drivers/sercom/sercom.o
 .ARM.attributes
                0x000001da       0x32 src/ASF/sam0/drivers/sercom/sercom_interrupt.o
 .ARM.attributes
                0x0000020c       0x32 src/ASF/sam0/drivers/sercom/usart/usart.o
 .ARM.attributes
                0x0000023e       0x32 src/ASF/sam0/drivers/sercom/usart/usart_interrupt.o
 .ARM.attributes
                0x00000270       0x32 src/ASF/sam0/drivers/system/clock/clock_samd21_r21_da_ha1/clock.o
 .ARM.attributes
                0x000002a2       0x32 src/ASF/sam0/drivers/system/clock/clock_samd21_r21_da_ha1/gclk.o
 .ARM.attributes
                0x000002d4       0x32 src/ASF/sam0/drivers/system/pinmux/pinmux.o
 .ARM.attributes
                0x00000306       0x32 src/ASF/sam0/drivers/system/system.o
 .ARM.attributes
                0x00000338       0x32 src/ASF/sam0/utils/cmsis/samd21/source/gcc/startup_samd21.o
 .ARM.attributes
                0x0000036a       0x32 src/ASF/sam0/utils/syscalls/gcc/syscalls.o
 .ARM.attributes
                0x0000039c       0x32 src/ASF/thirdparty/freertos/freertos-10.0.0/Source/list.o
 .ARM.attributes
                0x000003ce       0x32 src/ASF/thirdparty/freertos/freertos-10.0.0/Source/portable/GCC/ARM_CM0/port.o
 .ARM.attributes
                0x00000400       0x32 src/ASF/thirdparty/freertos/freertos-10.0.0/Source/portable/MemMang/heap_1.o
 .ARM.attributes
                0x00000432       0x32 src/ASF/thirdparty/freertos/freertos-10.0.0/Source/queue.o
 .ARM.attributes
                0x00000464       0x32 src/ASF/thirdparty/freertos/freertos-10.0.0/Source/tasks.o
 .ARM.attributes
                0x00000496       0x32 src/ASF/thirdparty/freertos/freertos-10.0.0/Source/timers.o
 .ARM.attributes
                0x000004c8       0x32 src/demotasks.o
 .ARM.attributes
                0x000004fa       0x32 src/main.o
 .ARM.attributes
                0x0000052c       0x1e e:/programas/atmel/7.0/toolchain/arm/arm-gnu-toolchain/bin/../lib/gcc/arm-none-eabi/6.3.1/thumb/v6-m\libgcc.a(_udivsi3.o)
 .ARM.attributes
                0x0000054a       0x1e e:/programas/atmel/7.0/toolchain/arm/arm-gnu-toolchain/bin/../lib/gcc/arm-none-eabi/6.3.1/thumb/v6-m\libgcc.a(_dvmd_tls.o)
 .ARM.attributes
                0x00000568       0x2c e:/programas/atmel/7.0/toolchain/arm/arm-gnu-toolchain/bin/../lib/gcc/arm-none-eabi/6.3.1/thumb/v6-m\libgcc.a(_muldi3.o)
 .ARM.attributes
                0x00000594       0x2c e:/programas/atmel/7.0/toolchain/arm/arm-gnu-toolchain/bin/../lib/gcc/arm-none-eabi/6.3.1/../../../../arm-none-eabi/lib/thumb/v6-m\libc_nano.a(lib_a-fgets.o)
 .ARM.attributes
                0x000005c0       0x2c e:/programas/atmel/7.0/toolchain/arm/arm-gnu-toolchain/bin/../lib/gcc/arm-none-eabi/6.3.1/../../../../arm-none-eabi/lib/thumb/v6-m\libc_nano.a(lib_a-findfp.o)
 .ARM.attributes
                0x000005ec       0x2c e:/programas/atmel/7.0/toolchain/arm/arm-gnu-toolchain/bin/../lib/gcc/arm-none-eabi/6.3.1/../../../../arm-none-eabi/lib/thumb/v6-m\libc_nano.a(lib_a-fwalk.o)
 .ARM.attributes
                0x00000618       0x2c e:/programas/atmel/7.0/toolchain/arm/arm-gnu-toolchain/bin/../lib/gcc/arm-none-eabi/6.3.1/../../../../arm-none-eabi/lib/thumb/v6-m\libc_nano.a(lib_a-impure.o)
 .ARM.attributes
                0x00000644       0x2c e:/programas/atmel/7.0/toolchain/arm/arm-gnu-toolchain/bin/../lib/gcc/arm-none-eabi/6.3.1/../../../../arm-none-eabi/lib/thumb/v6-m\libc_nano.a(lib_a-init.o)
 .ARM.attributes
                0x00000670       0x2c e:/programas/atmel/7.0/toolchain/arm/arm-gnu-toolchain/bin/../lib/gcc/arm-none-eabi/6.3.1/../../../../arm-none-eabi/lib/thumb/v6-m\libc_nano.a(lib_a-memchr-stub.o)
 .ARM.attributes
                0x0000069c       0x2c e:/programas/atmel/7.0/toolchain/arm/arm-gnu-toolchain/bin/../lib/gcc/arm-none-eabi/6.3.1/../../../../arm-none-eabi/lib/thumb/v6-m\libc_nano.a(lib_a-memcpy-stub.o)
 .ARM.attributes
                0x000006c8       0x2c e:/programas/atmel/7.0/toolchain/arm/arm-gnu-toolchain/bin/../lib/gcc/arm-none-eabi/6.3.1/../../../../arm-none-eabi/lib/thumb/v6-m\libc_nano.a(lib_a-memset.o)
 .ARM.attributes
                0x000006f4       0x2c e:/programas/atmel/7.0/toolchain/arm/arm-gnu-toolchain/bin/../lib/gcc/arm-none-eabi/6.3.1/../../../../arm-none-eabi/lib/thumb/v6-m\libc_nano.a(lib_a-nano-mallocr.o)
 .ARM.attributes
                0x00000720       0x2c e:/programas/atmel/7.0/toolchain/arm/arm-gnu-toolchain/bin/../lib/gcc/arm-none-eabi/6.3.1/../../../../arm-none-eabi/lib/thumb/v6-m\libc_nano.a(lib_a-printf.o)
 .ARM.attributes
                0x0000074c       0x2c e:/programas/atmel/7.0/toolchain/arm/arm-gnu-toolchain/bin/../lib/gcc/arm-none-eabi/6.3.1/../../../../arm-none-eabi/lib/thumb/v6-m\libc_nano.a(lib_a-puts.o)
 .ARM.attributes
                0x00000778       0x2c e:/programas/atmel/7.0/toolchain/arm/arm-gnu-toolchain/bin/../lib/gcc/arm-none-eabi/6.3.1/../../../../arm-none-eabi/lib/thumb/v6-m\libc_nano.a(lib_a-refill.o)
 .ARM.attributes
                0x000007a4       0x2c e:/programas/atmel/7.0/toolchain/arm/arm-gnu-toolchain/bin/../lib/gcc/arm-none-eabi/6.3.1/../../../../arm-none-eabi/lib/thumb/v6-m\libc_nano.a(lib_a-sbrkr.o)
 .ARM.attributes
                0x000007d0       0x2c e:/programas/atmel/7.0/toolchain/arm/arm-gnu-toolchain/bin/../lib/gcc/arm-none-eabi/6.3.1/../../../../arm-none-eabi/lib/thumb/v6-m\libc_nano.a(lib_a-setbuf.o)
 .ARM.attributes
                0x000007fc       0x2c e:/programas/atmel/7.0/toolchain/arm/arm-gnu-toolchain/bin/../lib/gcc/arm-none-eabi/6.3.1/../../../../arm-none-eabi/lib/thumb/v6-m\libc_nano.a(lib_a-setvbuf.o)
 .ARM.attributes
                0x00000828       0x2c e:/programas/atmel/7.0/toolchain/arm/arm-gnu-toolchain/bin/../lib/gcc/arm-none-eabi/6.3.1/../../../../arm-none-eabi/lib/thumb/v6-m\libc_nano.a(lib_a-stdio.o)
 .ARM.attributes
                0x00000854       0x2c e:/programas/atmel/7.0/toolchain/arm/arm-gnu-toolchain/bin/../lib/gcc/arm-none-eabi/6.3.1/../../../../arm-none-eabi/lib/thumb/v6-m\libc_nano.a(lib_a-strcpy.o)
 .ARM.attributes
                0x00000880       0x2c e:/programas/atmel/7.0/toolchain/arm/arm-gnu-toolchain/bin/../lib/gcc/arm-none-eabi/6.3.1/../../../../arm-none-eabi/lib/thumb/v6-m\libc_nano.a(lib_a-wbuf.o)
 .ARM.attributes
                0x000008ac       0x2c e:/programas/atmel/7.0/toolchain/arm/arm-gnu-toolchain/bin/../lib/gcc/arm-none-eabi/6.3.1/../../../../arm-none-eabi/lib/thumb/v6-m\libc_nano.a(lib_a-writer.o)
 .ARM.attributes
                0x000008d8       0x2c e:/programas/atmel/7.0/toolchain/arm/arm-gnu-toolchain/bin/../lib/gcc/arm-none-eabi/6.3.1/../../../../arm-none-eabi/lib/thumb/v6-m\libc_nano.a(lib_a-wsetup.o)
 .ARM.attributes
                0x00000904       0x2c e:/programas/atmel/7.0/toolchain/arm/arm-gnu-toolchain/bin/../lib/gcc/arm-none-eabi/6.3.1/../../../../arm-none-eabi/lib/thumb/v6-m\libc_nano.a(lib_a-closer.o)
 .ARM.attributes
                0x00000930       0x2c e:/programas/atmel/7.0/toolchain/arm/arm-gnu-toolchain/bin/../lib/gcc/arm-none-eabi/6.3.1/../../../../arm-none-eabi/lib/thumb/v6-m\libc_nano.a(lib_a-fflush.o)
 .ARM.attributes
                0x0000095c       0x2c e:/programas/atmel/7.0/toolchain/arm/arm-gnu-toolchain/bin/../lib/gcc/arm-none-eabi/6.3.1/../../../../arm-none-eabi/lib/thumb/v6-m\libc_nano.a(lib_a-lseekr.o)
 .ARM.attributes
                0x00000988       0x2c e:/programas/atmel/7.0/toolchain/arm/arm-gnu-toolchain/bin/../lib/gcc/arm-none-eabi/6.3.1/../../../../arm-none-eabi/lib/thumb/v6-m\libc_nano.a(lib_a-makebuf.o)
 .ARM.attributes
                0x000009b4       0x2c e:/programas/atmel/7.0/toolchain/arm/arm-gnu-toolchain/bin/../lib/gcc/arm-none-eabi/6.3.1/../../../../arm-none-eabi/lib/thumb/v6-m\libc_nano.a(lib_a-malloc.o)
 .ARM.attributes
                0x000009e0       0x2c e:/programas/atmel/7.0/toolchain/arm/arm-gnu-toolchain/bin/../lib/gcc/arm-none-eabi/6.3.1/../../../../arm-none-eabi/lib/thumb/v6-m\libc_nano.a(lib_a-mlock.o)
 .ARM.attributes
                0x00000a0c       0x2c e:/programas/atmel/7.0/toolchain/arm/arm-gnu-toolchain/bin/../lib/gcc/arm-none-eabi/6.3.1/../../../../arm-none-eabi/lib/thumb/v6-m\libc_nano.a(lib_a-nano-freer.o)
 .ARM.attributes
                0x00000a38       0x2c e:/programas/atmel/7.0/toolchain/arm/arm-gnu-toolchain/bin/../lib/gcc/arm-none-eabi/6.3.1/../../../../arm-none-eabi/lib/thumb/v6-m\libc_nano.a(lib_a-nano-vfprintf.o)
 .ARM.attributes
                0x00000a64       0x2c e:/programas/atmel/7.0/toolchain/arm/arm-gnu-toolchain/bin/../lib/gcc/arm-none-eabi/6.3.1/../../../../arm-none-eabi/lib/thumb/v6-m\libc_nano.a(lib_a-nano-vfprintf_i.o)
 .ARM.attributes
                0x00000a90       0x2c e:/programas/atmel/7.0/toolchain/arm/arm-gnu-toolchain/bin/../lib/gcc/arm-none-eabi/6.3.1/../../../../arm-none-eabi/lib/thumb/v6-m\libc_nano.a(lib_a-readr.o)
 .ARM.attributes
                0x00000abc       0x2c e:/programas/atmel/7.0/toolchain/arm/arm-gnu-toolchain/bin/../lib/gcc/arm-none-eabi/6.3.1/../../../../arm-none-eabi/lib/thumb/v6-m\libc_nano.a(lib_a-reent.o)
 .ARM.attributes
                0x00000ae8       0x2c e:/programas/atmel/7.0/toolchain/arm/arm-gnu-toolchain/bin/../lib/gcc/arm-none-eabi/6.3.1/../../../../arm-none-eabi/lib/thumb/v6-m\libc_nano.a(lib_a-fstatr.o)
 .ARM.attributes
                0x00000b14       0x2c e:/programas/atmel/7.0/toolchain/arm/arm-gnu-toolchain/bin/../lib/gcc/arm-none-eabi/6.3.1/../../../../arm-none-eabi/lib/thumb/v6-m\libc_nano.a(lib_a-isattyr.o)
 .ARM.attributes
                0x00000b40       0x1e e:/programas/atmel/7.0/toolchain/arm/arm-gnu-toolchain/bin/../lib/gcc/arm-none-eabi/6.3.1/thumb/v6-m/crtn.o

.comment        0x00000000       0x59
 .comment       0x00000000       0x59 src/ASF/sam0/drivers/rtc/rtc_sam_d_r_h/rtc_calendar.o
                                 0x5a (size before relaxing)
 .comment       0x00000059       0x5a src/ASF/sam0/drivers/rtc/rtc_sam_d_r_h/rtc_calendar_interrupt.o
 .comment       0x00000059       0x5a src/ASF/sam0/utils/stdio/read.o
 .comment       0x00000059       0x5a src/ASF/sam0/utils/stdio/write.o
 .comment       0x00000059       0x5a src/ASF/common/utils/interrupt/interrupt_sam_nvic.o
 .comment       0x00000059       0x5a src/ASF/sam0/boards/samd21_xplained_pro/board_init.o
 .comment       0x00000059       0x5a src/ASF/sam0/drivers/port/port.o
 .comment       0x00000059       0x5a src/ASF/sam0/drivers/sercom/sercom.o
 .comment       0x00000059       0x5a src/ASF/sam0/drivers/sercom/sercom_interrupt.o
 .comment       0x00000059       0x5a src/ASF/sam0/drivers/sercom/usart/usart.o
 .comment       0x00000059       0x5a src/ASF/sam0/drivers/sercom/usart/usart_interrupt.o
 .comment       0x00000059       0x5a src/ASF/sam0/drivers/system/clock/clock_samd21_r21_da_ha1/clock.o
 .comment       0x00000059       0x5a src/ASF/sam0/drivers/system/clock/clock_samd21_r21_da_ha1/gclk.o
 .comment       0x00000059       0x5a src/ASF/sam0/drivers/system/pinmux/pinmux.o
 .comment       0x00000059       0x5a src/ASF/sam0/drivers/system/system.o
 .comment       0x00000059       0x5a src/ASF/sam0/utils/cmsis/samd21/source/gcc/startup_samd21.o
 .comment       0x00000059       0x5a src/ASF/sam0/utils/syscalls/gcc/syscalls.o
 .comment       0x00000059       0x5a src/ASF/thirdparty/freertos/freertos-10.0.0/Source/list.o
 .comment       0x00000059       0x5a src/ASF/thirdparty/freertos/freertos-10.0.0/Source/portable/GCC/ARM_CM0/port.o
 .comment       0x00000059       0x5a src/ASF/thirdparty/freertos/freertos-10.0.0/Source/portable/MemMang/heap_1.o
 .comment       0x00000059       0x5a src/ASF/thirdparty/freertos/freertos-10.0.0/Source/queue.o
 .comment       0x00000059       0x5a src/ASF/thirdparty/freertos/freertos-10.0.0/Source/tasks.o
 .comment       0x00000059       0x5a src/ASF/thirdparty/freertos/freertos-10.0.0/Source/timers.o
 .comment       0x00000059       0x5a src/demotasks.o
 .comment       0x00000059       0x5a src/main.o

.debug_info     0x00000000    0x3012e
 .debug_info    0x00000000     0x36d1 src/ASF/sam0/drivers/rtc/rtc_sam_d_r_h/rtc_calendar.o
 .debug_info    0x000036d1     0x216e src/ASF/sam0/drivers/rtc/rtc_sam_d_r_h/rtc_calendar_interrupt.o
 .debug_info    0x0000583f      0xacf src/ASF/sam0/utils/stdio/read.o
 .debug_info    0x0000630e      0xacc src/ASF/sam0/utils/stdio/write.o
 .debug_info    0x00006dda      0xb07 src/ASF/common/utils/interrupt/interrupt_sam_nvic.o
 .debug_info    0x000078e1     0x12ad src/ASF/sam0/boards/samd21_xplained_pro/board_init.o
 .debug_info    0x00008b8e     0x12b6 src/ASF/sam0/drivers/port/port.o
 .debug_info    0x00009e44     0x2ddf src/ASF/sam0/drivers/sercom/sercom.o
 .debug_info    0x0000cc23     0x2be7 src/ASF/sam0/drivers/sercom/sercom_interrupt.o
 .debug_info    0x0000f80a     0x4ab0 src/ASF/sam0/drivers/sercom/usart/usart.o
 .debug_info    0x000142ba     0x3048 src/ASF/sam0/drivers/sercom/usart/usart_interrupt.o
 .debug_info    0x00017302     0x37fb src/ASF/sam0/drivers/system/clock/clock_samd21_r21_da_ha1/clock.o
 .debug_info    0x0001aafd     0x1ec7 src/ASF/sam0/drivers/system/clock/clock_samd21_r21_da_ha1/gclk.o
 .debug_info    0x0001c9c4     0x13f3 src/ASF/sam0/drivers/system/pinmux/pinmux.o
 .debug_info    0x0001ddb7      0xa73 src/ASF/sam0/drivers/system/system.o
 .debug_info    0x0001e82a     0x3a3f src/ASF/sam0/utils/cmsis/samd21/source/gcc/startup_samd21.o
 .debug_info    0x00022269      0xd98 src/ASF/sam0/utils/syscalls/gcc/syscalls.o
 .debug_info    0x00023001      0xc60 src/ASF/thirdparty/freertos/freertos-10.0.0/Source/list.o
 .debug_info    0x00023c61      0xd01 src/ASF/thirdparty/freertos/freertos-10.0.0/Source/portable/GCC/ARM_CM0/port.o
 .debug_info    0x00024962      0xb54 src/ASF/thirdparty/freertos/freertos-10.0.0/Source/portable/MemMang/heap_1.o
 .debug_info    0x000254b6     0x257b src/ASF/thirdparty/freertos/freertos-10.0.0/Source/queue.o
 .debug_info    0x00027a31     0x28c2 src/ASF/thirdparty/freertos/freertos-10.0.0/Source/tasks.o
 .debug_info    0x0002a2f3     0x18d5 src/ASF/thirdparty/freertos/freertos-10.0.0/Source/timers.o
 .debug_info    0x0002bbc8     0x3a2f src/demotasks.o
 .debug_info    0x0002f5f7      0xb37 src/main.o

.debug_abbrev   0x00000000     0x4e52
 .debug_abbrev  0x00000000      0x4e7 src/ASF/sam0/drivers/rtc/rtc_sam_d_r_h/rtc_calendar.o
 .debug_abbrev  0x000004e7      0x325 src/ASF/sam0/drivers/rtc/rtc_sam_d_r_h/rtc_calendar_interrupt.o
 .debug_abbrev  0x0000080c      0x218 src/ASF/sam0/utils/stdio/read.o
 .debug_abbrev  0x00000a24      0x203 src/ASF/sam0/utils/stdio/write.o
 .debug_abbrev  0x00000c27      0x22c src/ASF/common/utils/interrupt/interrupt_sam_nvic.o
 .debug_abbrev  0x00000e53      0x2dc src/ASF/sam0/boards/samd21_xplained_pro/board_init.o
 .debug_abbrev  0x0000112f      0x298 src/ASF/sam0/drivers/port/port.o
 .debug_abbrev  0x000013c7      0x378 src/ASF/sam0/drivers/sercom/sercom.o
 .debug_abbrev  0x0000173f      0x2d8 src/ASF/sam0/drivers/sercom/sercom_interrupt.o
 .debug_abbrev  0x00001a17      0x488 src/ASF/sam0/drivers/sercom/usart/usart.o
 .debug_abbrev  0x00001e9f      0x416 src/ASF/sam0/drivers/sercom/usart/usart_interrupt.o
 .debug_abbrev  0x000022b5      0x465 src/ASF/sam0/drivers/system/clock/clock_samd21_r21_da_ha1/clock.o
 .debug_abbrev  0x0000271a      0x40d src/ASF/sam0/drivers/system/clock/clock_samd21_r21_da_ha1/gclk.o
 .debug_abbrev  0x00002b27      0x361 src/ASF/sam0/drivers/system/pinmux/pinmux.o
 .debug_abbrev  0x00002e88      0x1e1 src/ASF/sam0/drivers/system/system.o
 .debug_abbrev  0x00003069      0x234 src/ASF/sam0/utils/cmsis/samd21/source/gcc/startup_samd21.o
 .debug_abbrev  0x0000329d      0x257 src/ASF/sam0/utils/syscalls/gcc/syscalls.o
 .debug_abbrev  0x000034f4      0x23b src/ASF/thirdparty/freertos/freertos-10.0.0/Source/list.o
 .debug_abbrev  0x0000372f      0x314 src/ASF/thirdparty/freertos/freertos-10.0.0/Source/portable/GCC/ARM_CM0/port.o
 .debug_abbrev  0x00003a43      0x261 src/ASF/thirdparty/freertos/freertos-10.0.0/Source/portable/MemMang/heap_1.o
 .debug_abbrev  0x00003ca4      0x3a3 src/ASF/thirdparty/freertos/freertos-10.0.0/Source/queue.o
 .debug_abbrev  0x00004047      0x3df src/ASF/thirdparty/freertos/freertos-10.0.0/Source/tasks.o
 .debug_abbrev  0x00004426      0x3b9 src/ASF/thirdparty/freertos/freertos-10.0.0/Source/timers.o
 .debug_abbrev  0x000047df      0x44f src/demotasks.o
 .debug_abbrev  0x00004c2e      0x224 src/main.o

.debug_loc      0x00000000     0x97ab
 .debug_loc     0x00000000      0x967 src/ASF/sam0/drivers/rtc/rtc_sam_d_r_h/rtc_calendar.o
 .debug_loc     0x00000967      0x269 src/ASF/sam0/drivers/rtc/rtc_sam_d_r_h/rtc_calendar_interrupt.o
 .debug_loc     0x00000bd0       0xca src/ASF/sam0/utils/stdio/read.o
 .debug_loc     0x00000c9a      0x130 src/ASF/sam0/utils/stdio/write.o
 .debug_loc     0x00000dca       0x8b src/ASF/sam0/boards/samd21_xplained_pro/board_init.o
 .debug_loc     0x00000e55      0x13d src/ASF/sam0/drivers/port/port.o
 .debug_loc     0x00000f92      0x9d5 src/ASF/sam0/drivers/sercom/sercom.o
 .debug_loc     0x00001967      0x161 src/ASF/sam0/drivers/sercom/sercom_interrupt.o
 .debug_loc     0x00001ac8      0xe2f src/ASF/sam0/drivers/sercom/usart/usart.o
 .debug_loc     0x000028f7      0x711 src/ASF/sam0/drivers/sercom/usart/usart_interrupt.o
 .debug_loc     0x00003008      0xee1 src/ASF/sam0/drivers/system/clock/clock_samd21_r21_da_ha1/clock.o
 .debug_loc     0x00003ee9      0x504 src/ASF/sam0/drivers/system/clock/clock_samd21_r21_da_ha1/gclk.o
 .debug_loc     0x000043ed      0x36d src/ASF/sam0/drivers/system/pinmux/pinmux.o
 .debug_loc     0x0000475a       0x20 src/ASF/sam0/drivers/system/system.o
 .debug_loc     0x0000477a       0x40 src/ASF/sam0/utils/cmsis/samd21/source/gcc/startup_samd21.o
 .debug_loc     0x000047ba       0xef src/ASF/sam0/utils/syscalls/gcc/syscalls.o
 .debug_loc     0x000048a9       0x72 src/ASF/thirdparty/freertos/freertos-10.0.0/Source/list.o
 .debug_loc     0x0000491b      0x133 src/ASF/thirdparty/freertos/freertos-10.0.0/Source/portable/GCC/ARM_CM0/port.o
 .debug_loc     0x00004a4e       0x7f src/ASF/thirdparty/freertos/freertos-10.0.0/Source/portable/MemMang/heap_1.o
 .debug_loc     0x00004acd     0x1dd0 src/ASF/thirdparty/freertos/freertos-10.0.0/Source/queue.o
 .debug_loc     0x0000689d     0x1e18 src/ASF/thirdparty/freertos/freertos-10.0.0/Source/tasks.o
 .debug_loc     0x000086b5      0xbf9 src/ASF/thirdparty/freertos/freertos-10.0.0/Source/timers.o
 .debug_loc     0x000092ae      0x4dd src/demotasks.o
 .debug_loc     0x0000978b       0x20 src/main.o

.debug_aranges  0x00000000      0x948
 .debug_aranges
                0x00000000       0x78 src/ASF/sam0/drivers/rtc/rtc_sam_d_r_h/rtc_calendar.o
 .debug_aranges
                0x00000078       0x40 src/ASF/sam0/drivers/rtc/rtc_sam_d_r_h/rtc_calendar_interrupt.o
 .debug_aranges
                0x000000b8       0x20 src/ASF/sam0/utils/stdio/read.o
 .debug_aranges
                0x000000d8       0x20 src/ASF/sam0/utils/stdio/write.o
 .debug_aranges
                0x000000f8       0x28 src/ASF/common/utils/interrupt/interrupt_sam_nvic.o
 .debug_aranges
                0x00000120       0x20 src/ASF/sam0/boards/samd21_xplained_pro/board_init.o
 .debug_aranges
                0x00000140       0x28 src/ASF/sam0/drivers/port/port.o
 .debug_aranges
                0x00000168       0x48 src/ASF/sam0/drivers/sercom/sercom.o
 .debug_aranges
                0x000001b0       0x60 src/ASF/sam0/drivers/sercom/sercom_interrupt.o
 .debug_aranges
                0x00000210       0x40 src/ASF/sam0/drivers/sercom/usart/usart.o
 .debug_aranges
                0x00000250       0x70 src/ASF/sam0/drivers/sercom/usart/usart_interrupt.o
 .debug_aranges
                0x000002c0       0x78 src/ASF/sam0/drivers/system/clock/clock_samd21_r21_da_ha1/clock.o
 .debug_aranges
                0x00000338       0x80 src/ASF/sam0/drivers/system/clock/clock_samd21_r21_da_ha1/gclk.o
 .debug_aranges
                0x000003b8       0x40 src/ASF/sam0/drivers/system/pinmux/pinmux.o
 .debug_aranges
                0x000003f8       0x28 src/ASF/sam0/drivers/system/system.o
 .debug_aranges
                0x00000420       0x28 src/ASF/sam0/utils/cmsis/samd21/source/gcc/startup_samd21.o
 .debug_aranges
                0x00000448       0x60 src/ASF/sam0/utils/syscalls/gcc/syscalls.o
 .debug_aranges
                0x000004a8       0x40 src/ASF/thirdparty/freertos/freertos-10.0.0/Source/list.o
 .debug_aranges
                0x000004e8       0x80 src/ASF/thirdparty/freertos/freertos-10.0.0/Source/portable/GCC/ARM_CM0/port.o
 .debug_aranges
                0x00000568       0x38 src/ASF/thirdparty/freertos/freertos-10.0.0/Source/portable/MemMang/heap_1.o
 .debug_aranges
                0x000005a0      0x110 src/ASF/thirdparty/freertos/freertos-10.0.0/Source/queue.o
 .debug_aranges
                0x000006b0      0x188 src/ASF/thirdparty/freertos/freertos-10.0.0/Source/tasks.o
 .debug_aranges
                0x00000838       0x88 src/ASF/thirdparty/freertos/freertos-10.0.0/Source/timers.o
 .debug_aranges
                0x000008c0       0x68 src/demotasks.o
 .debug_aranges
                0x00000928       0x20 src/main.o

.debug_ranges   0x00000000      0xb38
 .debug_ranges  0x00000000       0xb0 src/ASF/sam0/drivers/rtc/rtc_sam_d_r_h/rtc_calendar.o
 .debug_ranges  0x000000b0       0x48 src/ASF/sam0/drivers/rtc/rtc_sam_d_r_h/rtc_calendar_interrupt.o
 .debug_ranges  0x000000f8       0x10 src/ASF/sam0/utils/stdio/read.o
 .debug_ranges  0x00000108       0x10 src/ASF/sam0/utils/stdio/write.o
 .debug_ranges  0x00000118       0x18 src/ASF/common/utils/interrupt/interrupt_sam_nvic.o
 .debug_ranges  0x00000130       0x10 src/ASF/sam0/boards/samd21_xplained_pro/board_init.o
 .debug_ranges  0x00000140       0x18 src/ASF/sam0/drivers/port/port.o
 .debug_ranges  0x00000158       0x50 src/ASF/sam0/drivers/sercom/sercom.o
 .debug_ranges  0x000001a8       0x50 src/ASF/sam0/drivers/sercom/sercom_interrupt.o
 .debug_ranges  0x000001f8      0x140 src/ASF/sam0/drivers/sercom/usart/usart.o
 .debug_ranges  0x00000338       0x60 src/ASF/sam0/drivers/sercom/usart/usart_interrupt.o
 .debug_ranges  0x00000398       0x68 src/ASF/sam0/drivers/system/clock/clock_samd21_r21_da_ha1/clock.o
 .debug_ranges  0x00000400       0x88 src/ASF/sam0/drivers/system/clock/clock_samd21_r21_da_ha1/gclk.o
 .debug_ranges  0x00000488       0x30 src/ASF/sam0/drivers/system/pinmux/pinmux.o
 .debug_ranges  0x000004b8       0x18 src/ASF/sam0/drivers/system/system.o
 .debug_ranges  0x000004d0       0x18 src/ASF/sam0/utils/cmsis/samd21/source/gcc/startup_samd21.o
 .debug_ranges  0x000004e8       0x50 src/ASF/sam0/utils/syscalls/gcc/syscalls.o
 .debug_ranges  0x00000538       0x30 src/ASF/thirdparty/freertos/freertos-10.0.0/Source/list.o
 .debug_ranges  0x00000568       0x70 src/ASF/thirdparty/freertos/freertos-10.0.0/Source/portable/GCC/ARM_CM0/port.o
 .debug_ranges  0x000005d8       0x28 src/ASF/thirdparty/freertos/freertos-10.0.0/Source/portable/MemMang/heap_1.o
 .debug_ranges  0x00000600      0x1f0 src/ASF/thirdparty/freertos/freertos-10.0.0/Source/queue.o
 .debug_ranges  0x000007f0      0x230 src/ASF/thirdparty/freertos/freertos-10.0.0/Source/tasks.o
 .debug_ranges  0x00000a20       0xb0 src/ASF/thirdparty/freertos/freertos-10.0.0/Source/timers.o
 .debug_ranges  0x00000ad0       0x58 src/demotasks.o
 .debug_ranges  0x00000b28       0x10 src/main.o

.debug_macro    0x00000000    0x1d4a1
 .debug_macro   0x00000000      0x564 src/ASF/sam0/drivers/rtc/rtc_sam_d_r_h/rtc_calendar.o
 .debug_macro   0x00000564      0x8c8 src/ASF/sam0/drivers/rtc/rtc_sam_d_r_h/rtc_calendar.o
 .debug_macro   0x00000e2c      0x16d src/ASF/sam0/drivers/rtc/rtc_sam_d_r_h/rtc_calendar.o
 .debug_macro   0x00000f99      0x6d7 src/ASF/sam0/drivers/rtc/rtc_sam_d_r_h/rtc_calendar.o
 .debug_macro   0x00001670       0x22 src/ASF/sam0/drivers/rtc/rtc_sam_d_r_h/rtc_calendar.o
 .debug_macro   0x00001692       0x87 src/ASF/sam0/drivers/rtc/rtc_sam_d_r_h/rtc_calendar.o
 .debug_macro   0x00001719       0x51 src/ASF/sam0/drivers/rtc/rtc_sam_d_r_h/rtc_calendar.o
 .debug_macro   0x0000176a       0xef src/ASF/sam0/drivers/rtc/rtc_sam_d_r_h/rtc_calendar.o
 .debug_macro   0x00001859       0x6a src/ASF/sam0/drivers/rtc/rtc_sam_d_r_h/rtc_calendar.o
 .debug_macro   0x000018c3      0x1df src/ASF/sam0/drivers/rtc/rtc_sam_d_r_h/rtc_calendar.o
 .debug_macro   0x00001aa2       0x10 src/ASF/sam0/drivers/rtc/rtc_sam_d_r_h/rtc_calendar.o
 .debug_macro   0x00001ab2       0x76 src/ASF/sam0/drivers/rtc/rtc_sam_d_r_h/rtc_calendar.o
 .debug_macro   0x00001b28       0x16 src/ASF/sam0/drivers/rtc/rtc_sam_d_r_h/rtc_calendar.o
 .debug_macro   0x00001b3e      0x6db src/ASF/sam0/drivers/rtc/rtc_sam_d_r_h/rtc_calendar.o
 .debug_macro   0x00002219      0xdd8 src/ASF/sam0/drivers/rtc/rtc_sam_d_r_h/rtc_calendar.o
 .debug_macro   0x00002ff1       0x22 src/ASF/sam0/drivers/rtc/rtc_sam_d_r_h/rtc_calendar.o
 .debug_macro   0x00003013       0x40 src/ASF/sam0/drivers/rtc/rtc_sam_d_r_h/rtc_calendar.o
 .debug_macro   0x00003053       0x3a src/ASF/sam0/drivers/rtc/rtc_sam_d_r_h/rtc_calendar.o
 .debug_macro   0x0000308d       0x1f src/ASF/sam0/drivers/rtc/rtc_sam_d_r_h/rtc_calendar.o
 .debug_macro   0x000030ac      0x250 src/ASF/sam0/drivers/rtc/rtc_sam_d_r_h/rtc_calendar.o
 .debug_macro   0x000032fc      0x681 src/ASF/sam0/drivers/rtc/rtc_sam_d_r_h/rtc_calendar.o
 .debug_macro   0x0000397d      0x8b5 src/ASF/sam0/drivers/rtc/rtc_sam_d_r_h/rtc_calendar.o
 .debug_macro   0x00004232      0x230 src/ASF/sam0/drivers/rtc/rtc_sam_d_r_h/rtc_calendar.o
 .debug_macro   0x00004462      0xd60 src/ASF/sam0/drivers/rtc/rtc_sam_d_r_h/rtc_calendar.o
 .debug_macro   0x000051c2      0x4cb src/ASF/sam0/drivers/rtc/rtc_sam_d_r_h/rtc_calendar.o
 .debug_macro   0x0000568d      0x9f8 src/ASF/sam0/drivers/rtc/rtc_sam_d_r_h/rtc_calendar.o
 .debug_macro   0x00006085      0x82b src/ASF/sam0/drivers/rtc/rtc_sam_d_r_h/rtc_calendar.o
 .debug_macro   0x000068b0      0x455 src/ASF/sam0/drivers/rtc/rtc_sam_d_r_h/rtc_calendar.o
 .debug_macro   0x00006d05       0x5e src/ASF/sam0/drivers/rtc/rtc_sam_d_r_h/rtc_calendar.o
 .debug_macro   0x00006d63      0x8fd src/ASF/sam0/drivers/rtc/rtc_sam_d_r_h/rtc_calendar.o
 .debug_macro   0x00007660      0x21c src/ASF/sam0/drivers/rtc/rtc_sam_d_r_h/rtc_calendar.o
 .debug_macro   0x0000787c      0x95b src/ASF/sam0/drivers/rtc/rtc_sam_d_r_h/rtc_calendar.o
 .debug_macro   0x000081d7       0x5e src/ASF/sam0/drivers/rtc/rtc_sam_d_r_h/rtc_calendar.o
 .debug_macro   0x00008235      0x667 src/ASF/sam0/drivers/rtc/rtc_sam_d_r_h/rtc_calendar.o
 .debug_macro   0x0000889c      0x3af src/ASF/sam0/drivers/rtc/rtc_sam_d_r_h/rtc_calendar.o
 .debug_macro   0x00008c4b      0xc7a src/ASF/sam0/drivers/rtc/rtc_sam_d_r_h/rtc_calendar.o
 .debug_macro   0x000098c5     0x1092 src/ASF/sam0/drivers/rtc/rtc_sam_d_r_h/rtc_calendar.o
 .debug_macro   0x0000a957      0xc4a src/ASF/sam0/drivers/rtc/rtc_sam_d_r_h/rtc_calendar.o
 .debug_macro   0x0000b5a1      0x6ba src/ASF/sam0/drivers/rtc/rtc_sam_d_r_h/rtc_calendar.o
 .debug_macro   0x0000bc5b     0x1bbf src/ASF/sam0/drivers/rtc/rtc_sam_d_r_h/rtc_calendar.o
 .debug_macro   0x0000d81a     0x1440 src/ASF/sam0/drivers/rtc/rtc_sam_d_r_h/rtc_calendar.o
 .debug_macro   0x0000ec5a      0x344 src/ASF/sam0/drivers/rtc/rtc_sam_d_r_h/rtc_calendar.o
 .debug_macro   0x0000ef9e       0x7c src/ASF/sam0/drivers/rtc/rtc_sam_d_r_h/rtc_calendar.o
 .debug_macro   0x0000f01a       0xa0 src/ASF/sam0/drivers/rtc/rtc_sam_d_r_h/rtc_calendar.o
 .debug_macro   0x0000f0ba       0x4c src/ASF/sam0/drivers/rtc/rtc_sam_d_r_h/rtc_calendar.o
 .debug_macro   0x0000f106       0xca src/ASF/sam0/drivers/rtc/rtc_sam_d_r_h/rtc_calendar.o
 .debug_macro   0x0000f1d0       0x94 src/ASF/sam0/drivers/rtc/rtc_sam_d_r_h/rtc_calendar.o
 .debug_macro   0x0000f264       0x58 src/ASF/sam0/drivers/rtc/rtc_sam_d_r_h/rtc_calendar.o
 .debug_macro   0x0000f2bc      0x37d src/ASF/sam0/drivers/rtc/rtc_sam_d_r_h/rtc_calendar.o
 .debug_macro   0x0000f639       0x82 src/ASF/sam0/drivers/rtc/rtc_sam_d_r_h/rtc_calendar.o
 .debug_macro   0x0000f6bb      0x18d src/ASF/sam0/drivers/rtc/rtc_sam_d_r_h/rtc_calendar.o
 .debug_macro   0x0000f848       0xb8 src/ASF/sam0/drivers/rtc/rtc_sam_d_r_h/rtc_calendar.o
 .debug_macro   0x0000f900       0xa0 src/ASF/sam0/drivers/rtc/rtc_sam_d_r_h/rtc_calendar.o
 .debug_macro   0x0000f9a0       0xb8 src/ASF/sam0/drivers/rtc/rtc_sam_d_r_h/rtc_calendar.o
 .debug_macro   0x0000fa58       0x1c src/ASF/sam0/drivers/rtc/rtc_sam_d_r_h/rtc_calendar.o
 .debug_macro   0x0000fa74       0x1c src/ASF/sam0/drivers/rtc/rtc_sam_d_r_h/rtc_calendar.o
 .debug_macro   0x0000fa90       0x1c src/ASF/sam0/drivers/rtc/rtc_sam_d_r_h/rtc_calendar.o
 .debug_macro   0x0000faac       0x82 src/ASF/sam0/drivers/rtc/rtc_sam_d_r_h/rtc_calendar.o
 .debug_macro   0x0000fb2e      0x15a src/ASF/sam0/drivers/rtc/rtc_sam_d_r_h/rtc_calendar.o
 .debug_macro   0x0000fc88       0xdc src/ASF/sam0/drivers/rtc/rtc_sam_d_r_h/rtc_calendar.o
 .debug_macro   0x0000fd64      0x128 src/ASF/sam0/drivers/rtc/rtc_sam_d_r_h/rtc_calendar.o
 .debug_macro   0x0000fe8c      0x128 src/ASF/sam0/drivers/rtc/rtc_sam_d_r_h/rtc_calendar.o
 .debug_macro   0x0000ffb4      0x128 src/ASF/sam0/drivers/rtc/rtc_sam_d_r_h/rtc_calendar.o
 .debug_macro   0x000100dc      0x128 src/ASF/sam0/drivers/rtc/rtc_sam_d_r_h/rtc_calendar.o
 .debug_macro   0x00010204      0x128 src/ASF/sam0/drivers/rtc/rtc_sam_d_r_h/rtc_calendar.o
 .debug_macro   0x0001032c      0x128 src/ASF/sam0/drivers/rtc/rtc_sam_d_r_h/rtc_calendar.o
 .debug_macro   0x00010454      0x124 src/ASF/sam0/drivers/rtc/rtc_sam_d_r_h/rtc_calendar.o
 .debug_macro   0x00010578       0xe2 src/ASF/sam0/drivers/rtc/rtc_sam_d_r_h/rtc_calendar.o
 .debug_macro   0x0001065a       0xe2 src/ASF/sam0/drivers/rtc/rtc_sam_d_r_h/rtc_calendar.o
 .debug_macro   0x0001073c       0xe2 src/ASF/sam0/drivers/rtc/rtc_sam_d_r_h/rtc_calendar.o
 .debug_macro   0x0001081e       0xe2 src/ASF/sam0/drivers/rtc/rtc_sam_d_r_h/rtc_calendar.o
 .debug_macro   0x00010900       0xe2 src/ASF/sam0/drivers/rtc/rtc_sam_d_r_h/rtc_calendar.o
 .debug_macro   0x000109e2      0x130 src/ASF/sam0/drivers/rtc/rtc_sam_d_r_h/rtc_calendar.o
 .debug_macro   0x00010b12      0x106 src/ASF/sam0/drivers/rtc/rtc_sam_d_r_h/rtc_calendar.o
 .debug_macro   0x00010c18       0xfa src/ASF/sam0/drivers/rtc/rtc_sam_d_r_h/rtc_calendar.o
 .debug_macro   0x00010d12      0x40f src/ASF/sam0/drivers/rtc/rtc_sam_d_r_h/rtc_calendar.o
 .debug_macro   0x00011121       0x40 src/ASF/sam0/drivers/rtc/rtc_sam_d_r_h/rtc_calendar.o
 .debug_macro   0x00011161      0x37d src/ASF/sam0/drivers/rtc/rtc_sam_d_r_h/rtc_calendar.o
 .debug_macro   0x000114de     0x1e52 src/ASF/sam0/drivers/rtc/rtc_sam_d_r_h/rtc_calendar.o
 .debug_macro   0x00013330       0x6d src/ASF/sam0/drivers/rtc/rtc_sam_d_r_h/rtc_calendar.o
 .debug_macro   0x0001339d       0x58 src/ASF/sam0/drivers/rtc/rtc_sam_d_r_h/rtc_calendar.o
 .debug_macro   0x000133f5       0x35 src/ASF/sam0/drivers/rtc/rtc_sam_d_r_h/rtc_calendar.o
 .debug_macro   0x0001342a       0x9c src/ASF/sam0/drivers/rtc/rtc_sam_d_r_h/rtc_calendar.o
 .debug_macro   0x000134c6       0x16 src/ASF/sam0/drivers/rtc/rtc_sam_d_r_h/rtc_calendar.o
 .debug_macro   0x000134dc       0x35 src/ASF/sam0/drivers/rtc/rtc_sam_d_r_h/rtc_calendar.o
 .debug_macro   0x00013511      0x353 src/ASF/sam0/drivers/rtc/rtc_sam_d_r_h/rtc_calendar.o
 .debug_macro   0x00013864       0x10 src/ASF/sam0/drivers/rtc/rtc_sam_d_r_h/rtc_calendar.o
 .debug_macro   0x00013874       0x58 src/ASF/sam0/drivers/rtc/rtc_sam_d_r_h/rtc_calendar.o
 .debug_macro   0x000138cc       0x1f src/ASF/sam0/drivers/rtc/rtc_sam_d_r_h/rtc_calendar.o
 .debug_macro   0x000138eb       0x43 src/ASF/sam0/drivers/rtc/rtc_sam_d_r_h/rtc_calendar.o
 .debug_macro   0x0001392e       0x20 src/ASF/sam0/drivers/rtc/rtc_sam_d_r_h/rtc_calendar.o
 .debug_macro   0x0001394e      0x187 src/ASF/sam0/drivers/rtc/rtc_sam_d_r_h/rtc_calendar.o
 .debug_macro   0x00013ad5       0x10 src/ASF/sam0/drivers/rtc/rtc_sam_d_r_h/rtc_calendar.o
 .debug_macro   0x00013ae5       0x1c src/ASF/sam0/drivers/rtc/rtc_sam_d_r_h/rtc_calendar.o
 .debug_macro   0x00013b01       0x52 src/ASF/sam0/drivers/rtc/rtc_sam_d_r_h/rtc_calendar.o
 .debug_macro   0x00013b53       0x40 src/ASF/sam0/drivers/rtc/rtc_sam_d_r_h/rtc_calendar.o
 .debug_macro   0x00013b93       0x10 src/ASF/sam0/drivers/rtc/rtc_sam_d_r_h/rtc_calendar.o
 .debug_macro   0x00013ba3       0x40 src/ASF/sam0/drivers/rtc/rtc_sam_d_r_h/rtc_calendar.o
 .debug_macro   0x00013be3       0xd7 src/ASF/sam0/drivers/rtc/rtc_sam_d_r_h/rtc_calendar.o
 .debug_macro   0x00013cba       0x16 src/ASF/sam0/drivers/rtc/rtc_sam_d_r_h/rtc_calendar.o
 .debug_macro   0x00013cd0      0x18b src/ASF/sam0/drivers/rtc/rtc_sam_d_r_h/rtc_calendar.o
 .debug_macro   0x00013e5b       0x16 src/ASF/sam0/drivers/rtc/rtc_sam_d_r_h/rtc_calendar.o
 .debug_macro   0x00013e71       0x16 src/ASF/sam0/drivers/rtc/rtc_sam_d_r_h/rtc_calendar.o
 .debug_macro   0x00013e87       0x29 src/ASF/sam0/drivers/rtc/rtc_sam_d_r_h/rtc_calendar.o
 .debug_macro   0x00013eb0       0x51 src/ASF/sam0/drivers/rtc/rtc_sam_d_r_h/rtc_calendar.o
 .debug_macro   0x00013f01       0x3e src/ASF/sam0/drivers/rtc/rtc_sam_d_r_h/rtc_calendar.o
 .debug_macro   0x00013f3f      0x3df src/ASF/sam0/drivers/rtc/rtc_sam_d_r_h/rtc_calendar.o
 .debug_macro   0x0001431e       0x11 src/ASF/sam0/drivers/rtc/rtc_sam_d_r_h/rtc_calendar.o
 .debug_macro   0x0001432f      0x296 src/ASF/sam0/drivers/rtc/rtc_sam_d_r_h/rtc_calendar.o
 .debug_macro   0x000145c5       0x2e src/ASF/sam0/drivers/rtc/rtc_sam_d_r_h/rtc_calendar.o
 .debug_macro   0x000145f3      0x56e src/ASF/sam0/drivers/rtc/rtc_sam_d_r_h/rtc_calendar_interrupt.o
 .debug_macro   0x00014b61      0x512 src/ASF/sam0/utils/stdio/read.o
 .debug_macro   0x00015073      0x512 src/ASF/sam0/utils/stdio/write.o
 .debug_macro   0x00015585      0x512 src/ASF/common/utils/interrupt/interrupt_sam_nvic.o
 .debug_macro   0x00015a97      0x54e src/ASF/sam0/boards/samd21_xplained_pro/board_init.o
 .debug_macro   0x00015fe5       0x18 src/ASF/sam0/boards/samd21_xplained_pro/board_init.o
 .debug_macro   0x00015ffd       0x12 src/ASF/sam0/boards/samd21_xplained_pro/board_init.o
 .debug_macro   0x0001600f      0x52c src/ASF/sam0/drivers/port/port.o
 .debug_macro   0x0001653b      0x59f src/ASF/sam0/drivers/sercom/sercom.o
 .debug_macro   0x00016ada       0x16 src/ASF/sam0/drivers/sercom/sercom.o
 .debug_macro   0x00016af0       0xb2 src/ASF/sam0/drivers/sercom/sercom.o
 .debug_macro   0x00016ba2       0x10 src/ASF/sam0/drivers/sercom/sercom.o
 .debug_macro   0x00016bb2      0x59c src/ASF/sam0/drivers/sercom/sercom_interrupt.o
 .debug_macro   0x0001714e      0x5b0 src/ASF/sam0/drivers/sercom/usart/usart.o
 .debug_macro   0x000176fe       0x51 src/ASF/sam0/drivers/sercom/usart/usart.o
 .debug_macro   0x0001774f      0x5b0 src/ASF/sam0/drivers/sercom/usart/usart_interrupt.o
 .debug_macro   0x00017cff      0x583 src/ASF/sam0/drivers/system/clock/clock_samd21_r21_da_ha1/clock.o
 .debug_macro   0x00018282      0x548 src/ASF/sam0/drivers/system/clock/clock_samd21_r21_da_ha1/gclk.o
 .debug_macro   0x000187ca      0x522 src/ASF/sam0/drivers/system/pinmux/pinmux.o
 .debug_macro   0x00018cec       0x12 src/ASF/sam0/drivers/system/pinmux/pinmux.o
 .debug_macro   0x00018cfe      0x555 src/ASF/sam0/drivers/system/system.o
 .debug_macro   0x00019253      0x2f9 src/ASF/sam0/utils/cmsis/samd21/source/gcc/startup_samd21.o
 .debug_macro   0x0001954c       0x3a src/ASF/sam0/utils/cmsis/samd21/source/gcc/startup_samd21.o
 .debug_macro   0x00019586      0x1d6 src/ASF/sam0/utils/syscalls/gcc/syscalls.o
 .debug_macro   0x0001975c       0x52 src/ASF/sam0/utils/syscalls/gcc/syscalls.o
 .debug_macro   0x000197ae       0x8d src/ASF/sam0/utils/syscalls/gcc/syscalls.o
 .debug_macro   0x0001983b       0x57 src/ASF/sam0/utils/syscalls/gcc/syscalls.o
 .debug_macro   0x00019892       0x97 src/ASF/sam0/utils/syscalls/gcc/syscalls.o
 .debug_macro   0x00019929       0xf6 src/ASF/sam0/utils/syscalls/gcc/syscalls.o
 .debug_macro   0x00019a1f       0x4c src/ASF/sam0/utils/syscalls/gcc/syscalls.o
 .debug_macro   0x00019a6b       0x16 src/ASF/sam0/utils/syscalls/gcc/syscalls.o
 .debug_macro   0x00019a81       0x10 src/ASF/sam0/utils/syscalls/gcc/syscalls.o
 .debug_macro   0x00019a91       0x10 src/ASF/sam0/utils/syscalls/gcc/syscalls.o
 .debug_macro   0x00019aa1       0x35 src/ASF/sam0/utils/syscalls/gcc/syscalls.o
 .debug_macro   0x00019ad6      0x122 src/ASF/sam0/utils/syscalls/gcc/syscalls.o
 .debug_macro   0x00019bf8      0x569 src/ASF/thirdparty/freertos/freertos-10.0.0/Source/list.o
 .debug_macro   0x0001a161      0x5d8 src/ASF/thirdparty/freertos/freertos-10.0.0/Source/portable/GCC/ARM_CM0/port.o
 .debug_macro   0x0001a739      0x58a src/ASF/thirdparty/freertos/freertos-10.0.0/Source/portable/MemMang/heap_1.o
 .debug_macro   0x0001acc3      0x5e5 src/ASF/thirdparty/freertos/freertos-10.0.0/Source/queue.o
 .debug_macro   0x0001b2a8       0x86 src/ASF/thirdparty/freertos/freertos-10.0.0/Source/queue.o
 .debug_macro   0x0001b32e      0x654 src/ASF/thirdparty/freertos/freertos-10.0.0/Source/tasks.o
 .debug_macro   0x0001b982       0x10 src/ASF/thirdparty/freertos/freertos-10.0.0/Source/tasks.o
 .debug_macro   0x0001b992      0x5ac src/ASF/thirdparty/freertos/freertos-10.0.0/Source/timers.o
 .debug_macro   0x0001bf3e      0x82a src/demotasks.o
 .debug_macro   0x0001c768       0xe7 src/demotasks.o
 .debug_macro   0x0001c84f       0x11 src/demotasks.o
 .debug_macro   0x0001c860       0x5f src/demotasks.o
 .debug_macro   0x0001c8bf       0x7e src/demotasks.o
 .debug_macro   0x0001c93d      0x2fd src/demotasks.o
 .debug_macro   0x0001cc3a       0x57 src/demotasks.o
 .debug_macro   0x0001cc91       0x22 src/demotasks.o
 .debug_macro   0x0001ccb3       0x10 src/demotasks.o
 .debug_macro   0x0001ccc3      0x7de src/main.o

.debug_line     0x00000000    0x11659
 .debug_line    0x00000000      0xc11 src/ASF/sam0/drivers/rtc/rtc_sam_d_r_h/rtc_calendar.o
 .debug_line    0x00000c11      0xa8d src/ASF/sam0/drivers/rtc/rtc_sam_d_r_h/rtc_calendar_interrupt.o
 .debug_line    0x0000169e      0x871 src/ASF/sam0/utils/stdio/read.o
 .debug_line    0x00001f0f      0x865 src/ASF/sam0/utils/stdio/write.o
 .debug_line    0x00002774      0x893 src/ASF/common/utils/interrupt/interrupt_sam_nvic.o
 .debug_line    0x00003007      0x93b src/ASF/sam0/boards/samd21_xplained_pro/board_init.o
 .debug_line    0x00003942      0x8c0 src/ASF/sam0/drivers/port/port.o